<html>
<body>
<pre>
<h1>µVision Build Log</h1>
<h2>Tool Versions:</h2>
IDE-Version: µVision V5.23.0.0
Copyright (C) 2017 ARM Ltd and ARM Germany GmbH. All rights reserved.
License Information: Bengi Agcal, HKUST, LIC=----
 
Tool Versions:
Toolchain:       MDK-Lite  Version: 5.23
Toolchain Path:  C:\Keil_v5\ARM\ARMCC\Bin
C Compiler:      Armcc.exe V5.06 update 4 (build 422)
Assembler:       Armasm.exe V5.06 update 4 (build 422)
Linker/Locator:  ArmLink.exe V5.06 update 4 (build 422)
Library Manager: ArmAr.exe V5.06 update 4 (build 422)
Hex Converter:   FromElf.exe V5.06 update 4 (build 422)
CPU DLL:         SARMCM3.DLL V5.23
Dialog DLL:      DCM.DLL V1.15.0.0
Target DLL:      CMSIS_AGDI.dll V1.27.5.0
Dialog DLL:      TCM.DLL V1.27.0.0
 
<h2>Project:</h2>
C:\Users\Bengi Agcal\Desktop\3rd may version\ALARM BUZ (2) (1)\ALARM BUZ\Lab4.5 - Copy (2) - alarm with compass\MDK-ARM\Lab4.5.uvprojx
Project File Date:  05/03/2021

<h2>Output:</h2>
*** Using Compiler 'V5.06 update 4 (build 422)', folder: 'C:\Keil_v5\ARM\ARMCC\Bin'
Build target 'Lab4.5'
compiling main.c...
../Src/main.c(348): warning:  #223-D: function "Triangle" declared implicitly
  				Triangle(10,0,BLACK);
../Src/main.c(560): warning:  #177-D: variable "x"  was declared but never referenced
  		char x[5];
../Src/main.c(561): warning:  #177-D: variable "xtry"  was declared but never referenced
  		char xtry[5];
../Src/main.c(562): warning:  #177-D: variable "y"  was declared but never referenced
  		char y[5];
../Src/main.c(262): warning:  #177-D: variable "hexadecimal1"  was declared but never referenced
  	char decimal1[5], hexadecimal1[16];
../Src/main.c(263): warning:  #177-D: variable "hexadecimal2"  was declared but never referenced
  	char decimal2[5], hexadecimal2[16];
../Src/main.c(264): warning:  #177-D: variable "hexadecimal3"  was declared but never referenced
  	char decimal3[5], hexadecimal3[16];
../Src/main.c(884): warning:  #177-D: function "MX_RTC_Init"  was declared but never referenced
  static void MX_RTC_Init(void)
../Src/main.c: 8 warnings, 0 errors
linking...
Program Size: Code=24304 RO-data=2032 RW-data=24 ZI-data=1472  
FromELF: creating hex file...
"Lab4.5\Lab4.5" - 0 Error(s), 8 Warning(s).

<h2>Software Packages used:</h2>

Package Vendor: ARM
                http://www.keil.com/pack/ARM.CMSIS.5.7.0.pack
                ARM::CMSIS:CORE:5.4.0
                CMSIS (Cortex Microcontroller Software Interface Standard)
   * Component: CORE Version: 5.4.0

<h2>Collection of Component include folders:</h2>
  .\RTE\_Lab4.5
  C:\Keil_v5\ARM\PACK\ARM\CMSIS\5.7.0\CMSIS\Core\Include
  C:\Keil_v5\ARM\PACK\Keil\STM32F1xx_DFP\2.3.0\Device\Include

<h2>Collection of Component Files used:</h2>

   * Component: ARM::CMSIS:CORE:5.4.0
Build Time Elapsed:  00:00:02
</pre>
</body>
</html>
