Component: ARM Compiler 5.06 update 4 (build 422) Tool: armlink [4d35d2]

==============================================================================

Section Cross References

    startup_stm32f103xe.o(RESET) refers to startup_stm32f103xe.o(STACK) for __initial_sp
    startup_stm32f103xe.o(RESET) refers to startup_stm32f103xe.o(.text) for Reset_Handler
    startup_stm32f103xe.o(RESET) refers to stm32f1xx_it.o(i.NMI_Handler) for NMI_Handler
    startup_stm32f103xe.o(RESET) refers to stm32f1xx_it.o(i.HardFault_Handler) for HardFault_Handler
    startup_stm32f103xe.o(RESET) refers to stm32f1xx_it.o(i.MemManage_Handler) for MemManage_Handler
    startup_stm32f103xe.o(RESET) refers to stm32f1xx_it.o(i.BusFault_Handler) for BusFault_Handler
    startup_stm32f103xe.o(RESET) refers to stm32f1xx_it.o(i.UsageFault_Handler) for UsageFault_Handler
    startup_stm32f103xe.o(RESET) refers to stm32f1xx_it.o(i.SVC_Handler) for SVC_Handler
    startup_stm32f103xe.o(RESET) refers to stm32f1xx_it.o(i.DebugMon_Handler) for DebugMon_Handler
    startup_stm32f103xe.o(RESET) refers to stm32f1xx_it.o(i.PendSV_Handler) for PendSV_Handler
    startup_stm32f103xe.o(RESET) refers to stm32f1xx_it.o(i.SysTick_Handler) for SysTick_Handler
    startup_stm32f103xe.o(RESET) refers to stm32f1xx_it.o(i.RTC_Alarm_IRQHandler) for RTC_Alarm_IRQHandler
    startup_stm32f103xe.o(.text) refers to system_stm32f1xx.o(i.SystemInit) for SystemInit
    startup_stm32f103xe.o(.text) refers to entry.o(.ARM.Collect$$$$00000000) for __main
    lcd.o(i.LCD_BackLed_Control) refers to stm32f1xx_hal_gpio.o(i.HAL_GPIO_WritePin) for HAL_GPIO_WritePin
    lcd.o(i.LCD_Clear) refers to lcd.o(i.LCD_OpenWindow) for LCD_OpenWindow
    lcd.o(i.LCD_Clear) refers to lcd.o(i.LCD_FillColor) for LCD_FillColor
    lcd.o(i.LCD_DrawChar) refers to lcd.o(i.LCD_OpenWindow) for LCD_OpenWindow
    lcd.o(i.LCD_DrawChar) refers to lcd.o(i.LCD_Write_Cmd) for LCD_Write_Cmd
    lcd.o(i.LCD_DrawChar) refers to lcd.o(i.LCD_Write_Data) for LCD_Write_Data
    lcd.o(i.LCD_DrawChar) refers to lcd.o(.constdata) for ucAscii_1608
    lcd.o(i.LCD_DrawDot) refers to lcd.o(i.LCD_OpenWindow) for LCD_OpenWindow
    lcd.o(i.LCD_DrawDot) refers to lcd.o(i.LCD_FillColor) for LCD_FillColor
    lcd.o(i.LCD_DrawLine) refers to lcd.o(i.LCD_DrawDot) for LCD_DrawDot
    lcd.o(i.LCD_DrawString) refers to lcd.o(i.LCD_DrawChar) for LCD_DrawChar
    lcd.o(i.LCD_FillColor) refers to lcd.o(i.LCD_Write_Cmd) for LCD_Write_Cmd
    lcd.o(i.LCD_FillColor) refers to lcd.o(i.LCD_Write_Data) for LCD_Write_Data
    lcd.o(i.LCD_GetPointPixel) refers to lcd.o(i.LCD_OpenWindow) for LCD_OpenWindow
    lcd.o(i.LCD_GetPointPixel) refers to lcd.o(i.LCD_Read_PixelData) for LCD_Read_PixelData
    lcd.o(i.LCD_INIT) refers to lcd.o(i.LCD_BackLed_Control) for LCD_BackLed_Control
    lcd.o(i.LCD_INIT) refers to lcd.o(i.LCD_Rst) for LCD_Rst
    lcd.o(i.LCD_INIT) refers to lcd.o(i.LCD_REG_Config) for LCD_REG_Config
    lcd.o(i.LCD_INIT) refers to lcd.o(i.LCD_Clear) for LCD_Clear
    lcd.o(i.LCD_OpenWindow) refers to lcd.o(i.LCD_Write_Cmd) for LCD_Write_Cmd
    lcd.o(i.LCD_OpenWindow) refers to lcd.o(i.LCD_Write_Data) for LCD_Write_Data
    lcd.o(i.LCD_REG_Config) refers to lcd.o(i.LCD_Write_Cmd) for LCD_Write_Cmd
    lcd.o(i.LCD_REG_Config) refers to lcd.o(i.LCD_Write_Data) for LCD_Write_Data
    lcd.o(i.LCD_REG_Config) refers to lcd.o(i.Delay) for Delay
    lcd.o(i.LCD_Read_PixelData) refers to lcd.o(i.LCD_Write_Cmd) for LCD_Write_Cmd
    lcd.o(i.LCD_Read_PixelData) refers to lcd.o(i.LCD_Read_Data) for LCD_Read_Data
    lcd.o(i.LCD_Rst) refers to stm32f1xx_hal_gpio.o(i.HAL_GPIO_WritePin) for HAL_GPIO_WritePin
    lcd.o(i.LCD_Rst) refers to lcd.o(i.Delay) for Delay
    lcd.o(i.Triangle) refers to lcd.o(i.LCD_DrawDot) for LCD_DrawDot
    main.o(i.MX_ADC1_Init) refers to stm32f1xx_hal_adc.o(i.HAL_ADC_Init) for HAL_ADC_Init
    main.o(i.MX_ADC1_Init) refers to main.o(i.Error_Handler) for Error_Handler
    main.o(i.MX_ADC1_Init) refers to stm32f1xx_hal_adc.o(i.HAL_ADC_ConfigChannel) for HAL_ADC_ConfigChannel
    main.o(i.MX_ADC1_Init) refers to main.o(.bss) for hadc1
    main.o(i.MX_ADC2_Init) refers to stm32f1xx_hal_adc.o(i.HAL_ADC_Init) for HAL_ADC_Init
    main.o(i.MX_ADC2_Init) refers to main.o(i.Error_Handler) for Error_Handler
    main.o(i.MX_ADC2_Init) refers to stm32f1xx_hal_adc.o(i.HAL_ADC_ConfigChannel) for HAL_ADC_ConfigChannel
    main.o(i.MX_ADC2_Init) refers to main.o(.bss) for hadc2
    main.o(i.MX_ADC3_Init) refers to stm32f1xx_hal_adc.o(i.HAL_ADC_Init) for HAL_ADC_Init
    main.o(i.MX_ADC3_Init) refers to main.o(i.Error_Handler) for Error_Handler
    main.o(i.MX_ADC3_Init) refers to stm32f1xx_hal_adc.o(i.HAL_ADC_ConfigChannel) for HAL_ADC_ConfigChannel
    main.o(i.MX_ADC3_Init) refers to main.o(.bss) for hadc3
    main.o(i.MX_FSMC_Init) refers to memseta.o(.text) for __aeabi_memclr4
[...]

466 unused section(s) (total 41608 bytes) removed from the image.

==============================================================================

Image Symbol Table

    Local Symbols

    Symbol Name                              Value     Ov Type        Size  Object(Section)

    ../Drivers/STM32F1xx_HAL_Driver/Src/stm32f1xx_hal.c 0x00000000   Number         0  stm32f1xx_hal.o ABSOLUTE
    ../Drivers/STM32F1xx_HAL_Driver/Src/stm32f1xx_hal_adc.c 0x00000000   Number         0  stm32f1xx_hal_adc.o ABSOLUTE
    ../Drivers/STM32F1xx_HAL_Driver/Src/stm32f1xx_hal_adc_ex.c 0x00000000   Number         0  stm32f1xx_hal_adc_ex.o ABSOLUTE
    ../Drivers/STM32F1xx_HAL_Driver/Src/stm32f1xx_hal_cortex.c 0x00000000   Number         0  stm32f1xx_hal_cortex.o ABSOLUTE
    ../Drivers/STM32F1xx_HAL_Driver/Src/stm32f1xx_hal_dma.c 0x00000000   Number         0  stm32f1xx_hal_dma.o ABSOLUTE
    ../Drivers/STM32F1xx_HAL_Driver/Src/stm32f1xx_hal_flash.c 0x00000000   Number         0  stm32f1xx_hal_flash.o ABSOLUTE
    ../Drivers/STM32F1xx_HAL_Driver/Src/stm32f1xx_hal_flash_ex.c 0x00000000   Number         0  stm32f1xx_hal_flash_ex.o ABSOLUTE
    ../Drivers/STM32F1xx_HAL_Driver/Src/stm32f1xx_hal_gpio.c 0x00000000   Number         0  stm32f1xx_hal_gpio.o ABSOLUTE
    ../Drivers/STM32F1xx_HAL_Driver/Src/stm32f1xx_hal_gpio_ex.c 0x00000000   Number         0  stm32f1xx_hal_gpio_ex.o ABSOLUTE
    ../Drivers/STM32F1xx_HAL_Driver/Src/stm32f1xx_hal_i2c.c 0x00000000   Number         0  stm32f1xx_hal_i2c.o ABSOLUTE
    ../Drivers/STM32F1xx_HAL_Driver/Src/stm32f1xx_hal_pwr.c 0x00000000   Number         0  stm32f1xx_hal_pwr.o ABSOLUTE
    ../Drivers/STM32F1xx_HAL_Driver/Src/stm32f1xx_hal_rcc.c 0x00000000   Number         0  stm32f1xx_hal_rcc.o ABSOLUTE
    ../Drivers/STM32F1xx_HAL_Driver/Src/stm32f1xx_hal_rcc_ex.c 0x00000000   Number         0  stm32f1xx_hal_rcc_ex.o ABSOLUTE
    ../Drivers/STM32F1xx_HAL_Driver/Src/stm32f1xx_hal_rtc.c 0x00000000   Number         0  stm32f1xx_hal_rtc.o ABSOLUTE
    ../Drivers/STM32F1xx_HAL_Driver/Src/stm32f1xx_hal_rtc_ex.c 0x00000000   Number         0  stm32f1xx_hal_rtc_ex.o ABSOLUTE
    ../Drivers/STM32F1xx_HAL_Driver/Src/stm32f1xx_hal_sram.c 0x00000000   Number         0  stm32f1xx_hal_sram.o ABSOLUTE
    ../Drivers/STM32F1xx_HAL_Driver/Src/stm32f1xx_hal_tim.c 0x00000000   Number         0  stm32f1xx_hal_tim.o ABSOLUTE
    ../Drivers/STM32F1xx_HAL_Driver/Src/stm32f1xx_hal_tim_ex.c 0x00000000   Number         0  stm32f1xx_hal_tim_ex.o ABSOLUTE
    ../Drivers/STM32F1xx_HAL_Driver/Src/stm32f1xx_ll_fsmc.c 0x00000000   Number         0  stm32f1xx_ll_fsmc.o ABSOLUTE
    ../Src/main.c                            0x00000000   Number         0  main.o ABSOLUTE
    ../Src/stm32f1xx_hal_msp.c               0x00000000   Number         0  stm32f1xx_hal_msp.o ABSOLUTE
    ../Src/stm32f1xx_it.c                    0x00000000   Number         0  stm32f1xx_it.o ABSOLUTE
    ../Src/system_stm32f1xx.c                0x00000000   Number         0  system_stm32f1xx.o ABSOLUTE
    ../clib/microlib/division.c              0x00000000   Number         0  uldiv.o ABSOLUTE
    ../clib/microlib/division.c              0x00000000   Number         0  uidiv.o ABSOLUTE
    ../clib/microlib/init/entry.s            0x00000000   Number         0  entry7b.o ABSOLUTE
    ../clib/microlib/init/entry.s            0x00000000   Number         0  entry7a.o ABSOLUTE
    ../clib/microlib/init/entry.s            0x00000000   Number         0  entry5.o ABSOLUTE
    ../clib/microlib/init/entry.s            0x00000000   Number         0  entry11a.o ABSOLUTE
    ../clib/microlib/init/entry.s            0x00000000   Number         0  entry10b.o ABSOLUTE
    ../clib/microlib/init/entry.s            0x00000000   Number         0  entry2.o ABSOLUTE
    ../clib/microlib/init/entry.s            0x00000000   Number         0  entry10a.o ABSOLUTE
    ../clib/microlib/init/entry.s            0x00000000   Number         0  entry9b.o ABSOLUTE
    ../clib/microlib/init/entry.s            0x00000000   Number         0  entry9a.o ABSOLUTE
    ../clib/microlib/init/entry.s            0x00000000   Number         0  entry8b.o ABSOLUTE
    ../clib/microlib/init/entry.s            0x00000000   Number         0  entry8a.o ABSOLUTE
    ../clib/microlib/init/entry.s            0x00000000   Number         0  entry.o ABSOLUTE
    ../clib/microlib/init/entry.s            0x00000000   Number         0  entry11b.o ABSOLUTE
    ../clib/microlib/longlong.c              0x00000000   Number         0  llushr.o ABSOLUTE
    ../clib/microlib/longlong.c              0x00000000   Number         0  llshl.o ABSOLUTE
    ../clib/microlib/longlong.c              0x00000000   Number         0  llsshr.o ABSOLUTE
    ../clib/microlib/printf/printf.c         0x00000000   Number         0  printf7.o ABSOLUTE
    ../clib/microlib/printf/printf.c         0x00000000   Number         0  printf6.o ABSOLUTE
    ../clib/microlib/printf/printf.c         0x00000000   Number         0  printf5.o ABSOLUTE
    ../clib/microlib/printf/printf.c         0x00000000   Number         0  printf4.o ABSOLUTE
    ../clib/microlib/printf/printf.c         0x00000000   Number         0  printf3.o ABSOLUTE
    ../clib/microlib/printf/printf.c         0x00000000   Number         0  printf2.o ABSOLUTE
    ../clib/microlib/printf/printf.c         0x00000000   Number         0  printf1.o ABSOLUTE
    ../clib/microlib/printf/printf.c         0x00000000   Number         0  printf0.o ABSOLUTE
    ../clib/microlib/printf/printf.c         0x00000000   Number         0  printfb.o ABSOLUTE
    ../clib/microlib/printf/printf.c         0x00000000   Number         0  printfa.o ABSOLUTE
    ../clib/microlib/printf/printf.c         0x00000000   Number         0  printf8.o ABSOLUTE
    ../clib/microlib/printf/stubs.s          0x00000000   Number         0  stubs.o ABSOLUTE
    ../clib/microlib/stdio/fputc.c           0x00000000   Number         0  fputc.o ABSOLUTE
    ../clib/microlib/stdio/semi.s            0x00000000   Number         0  semi.o ABSOLUTE
    ../clib/microlib/stdio/streams.c         0x00000000   Number         0  stdout.o ABSOLUTE
    ../clib/microlib/string/memset.c         0x00000000   Number         0  memseta.o ABSOLUTE
    ../clib/microlib/stubs.s                 0x00000000   Number         0  iusesemip.o ABSOLUTE
    ../clib/microlib/stubs.s                 0x00000000   Number         0  iusefp.o ABSOLUTE
    ../fplib/microlib/d2f.c                  0x00000000   Number         0  d2f.o ABSOLUTE
    ../fplib/microlib/f2d.c                  0x00000000   Number         0  f2d.o ABSOLUTE
    ../fplib/microlib/fpadd.c                0x00000000   Number         0  dadd.o ABSOLUTE
    ../fplib/microlib/fpdiv.c                0x00000000   Number         0  ddiv.o ABSOLUTE
    ../fplib/microlib/fpepilogue.c           0x00000000   Number         0  fepilogue.o ABSOLUTE
    ../fplib/microlib/fpepilogue.c           0x00000000   Number         0  depilogue.o ABSOLUTE
    ../fplib/microlib/fpfix.c                0x00000000   Number         0  dfixul.o ABSOLUTE
    ../fplib/microlib/fpflt.c                0x00000000   Number         0  fflti.o ABSOLUTE
    ../fplib/microlib/fpflt.c                0x00000000   Number         0  ffltui.o ABSOLUTE
    ../fplib/microlib/fpflt.c                0x00000000   Number         0  dflti.o ABSOLUTE
    ../fplib/microlib/fpflt.c                0x00000000   Number         0  dfltui.o ABSOLUTE
    ../fplib/microlib/fpmul.c                0x00000000   Number         0  dmul.o ABSOLUTE
    ../fplib/microlib/fpscalb.c              0x00000000   Number         0  dscalb.o ABSOLUTE
    ../mathlib/atan.c                        0x00000000   Number         0  atan.o ABSOLUTE
    ../mathlib/atan.c                        0x00000000   Number         0  atan_x.o ABSOLUTE
    ../mathlib/dunder.c                      0x00000000   Number         0  dunder.o ABSOLUTE
    ../mathlib/fpclassify.c                  0x00000000   Number         0  fpclassify.o ABSOLUTE
    ../mathlib/poly.c                        0x00000000   Number         0  poly.o ABSOLUTE
    ..\Drivers\STM32F1xx_HAL_Driver\Src\stm32f1xx_hal.c 0x00000000   Number         0  stm32f1xx_hal.o ABSOLUTE
    ..\Drivers\STM32F1xx_HAL_Driver\Src\stm32f1xx_hal_adc.c 0x00000000   Number         0  stm32f1xx_hal_adc.o ABSOLUTE
    ..\Drivers\STM32F1xx_HAL_Driver\Src\stm32f1xx_hal_adc_ex.c 0x00000000   Number         0  stm32f1xx_hal_adc_ex.o ABSOLUTE
    ..\Drivers\STM32F1xx_HAL_Driver\Src\stm32f1xx_hal_cortex.c 0x00000000   Number         0  stm32f1xx_hal_cortex.o ABSOLUTE
    ..\Drivers\STM32F1xx_HAL_Driver\Src\stm32f1xx_hal_dma.c 0x00000000   Number         0  stm32f1xx_hal_dma.o ABSOLUTE
    ..\Drivers\STM32F1xx_HAL_Driver\Src\stm32f1xx_hal_flash.c 0x00000000   Number         0  stm32f1xx_hal_flash.o ABSOLUTE
    ..\Drivers\STM32F1xx_HAL_Driver\Src\stm32f1xx_hal_flash_ex.c 0x00000000   Number         0  stm32f1xx_hal_flash_ex.o ABSOLUTE
    ..\Drivers\STM32F1xx_HAL_Driver\Src\stm32f1xx_hal_gpio.c 0x00000000   Number         0  stm32f1xx_hal_gpio.o ABSOLUTE
    ..\Drivers\STM32F1xx_HAL_Driver\Src\stm32f1xx_hal_gpio_ex.c 0x00000000   Number         0  stm32f1xx_hal_gpio_ex.o ABSOLUTE
    ..\Drivers\STM32F1xx_HAL_Driver\Src\stm32f1xx_hal_i2c.c 0x00000000   Number         0  stm32f1xx_hal_i2c.o ABSOLUTE
    ..\Drivers\STM32F1xx_HAL_Driver\Src\stm32f1xx_hal_pwr.c 0x00000000   Number         0  stm32f1xx_hal_pwr.o ABSOLUTE
    ..\Drivers\STM32F1xx_HAL_Driver\Src\stm32f1xx_hal_rcc.c 0x00000000   Number         0  stm32f1xx_hal_rcc.o ABSOLUTE
    ..\Drivers\STM32F1xx_HAL_Driver\Src\stm32f1xx_hal_rcc_ex.c 0x00000000   Number         0  stm32f1xx_hal_rcc_ex.o ABSOLUTE
    ..\Drivers\STM32F1xx_HAL_Driver\Src\stm32f1xx_hal_rtc.c 0x00000000   Number         0  stm32f1xx_hal_rtc.o ABSOLUTE
    ..\Drivers\STM32F1xx_HAL_Driver\Src\stm32f1xx_hal_rtc_ex.c 0x00000000   Number         0  stm32f1xx_hal_rtc_ex.o ABSOLUTE
    ..\Drivers\STM32F1xx_HAL_Driver\Src\stm32f1xx_hal_sram.c 0x00000000   Number         0  stm32f1xx_hal_sram.o ABSOLUTE
    ..\Drivers\STM32F1xx_HAL_Driver\Src\stm32f1xx_hal_tim.c 0x00000000   Number         0  stm32f1xx_hal_tim.o ABSOLUTE
    ..\Drivers\STM32F1xx_HAL_Driver\Src\stm32f1xx_hal_tim_ex.c 0x00000000   Number         0  stm32f1xx_hal_tim_ex.o ABSOLUTE
    ..\Drivers\STM32F1xx_HAL_Driver\Src\stm32f1xx_ll_fsmc.c 0x00000000   Number         0  stm32f1xx_ll_fsmc.o ABSOLUTE
    ..\Src\lcd.c                             0x00000000   Number         0  lcd.o ABSOLUTE
    ..\Src\main.c                            0x00000000   Number         0  main.o ABSOLUTE
    ..\Src\stm32f1xx_hal_msp.c               0x00000000   Number         0  stm32f1xx_hal_msp.o ABSOLUTE
    ..\Src\stm32f1xx_it.c                    0x00000000   Number         0  stm32f1xx_it.o ABSOLUTE
    ..\Src\system_stm32f1xx.c                0x00000000   Number         0  system_stm32f1xx.o ABSOLUTE
    ..\\Src\\lcd.c                           0x00000000   Number         0  lcd.o ABSOLUTE
    cdcmple.s                                0x00000000   Number         0  cdcmple.o ABSOLUTE
    cdrcmple.s                               0x00000000   Number         0  cdrcmple.o ABSOLUTE
    cfcmple.s                                0x00000000   Number         0  cfcmple.o ABSOLUTE
    cfrcmple.s                               0x00000000   Number         0  cfrcmple.o ABSOLUTE
    dc.s                                     0x00000000   Number         0  dc.o ABSOLUTE
    handlers.s                               0x00000000   Number         0  handlers.o ABSOLUTE
    init.s                                   0x00000000   Number         0  init.o ABSOLUTE
    startup_stm32f103xe.s                    0x00000000   Number         0  startup_stm32f103xe.o ABSOLUTE
    RESET                                    0x08000000   Section      304  startup_stm32f103xe.o(RESET)
    .ARM.Collect$$$$00000000                 0x08000130   Section        0  entry.o(.ARM.Collect$$$$00000000)
    .ARM.Collect$$$$00000001                 0x08000130   Section        4  entry2.o(.ARM.Collect$$$$00000001)
    .ARM.Collect$$$$00000004                 0x08000134   Section        4  entry5.o(.ARM.Collect$$$$00000004)
    .ARM.Collect$$$$00000008                 0x08000138   Section        0  entry7b.o(.ARM.Collect$$$$00000008)
    .ARM.Collect$$$$0000000A                 0x08000138   Section        0  entry8b.o(.ARM.Collect$$$$0000000A)
    .ARM.Collect$$$$0000000B                 0x08000138   Section        8  entry9a.o(.ARM.Collect$$$$0000000B)
    .ARM.Collect$$$$0000000D                 0x08000140   Section        0  entry10a.o(.ARM.Collect$$$$0000000D)
    .ARM.Collect$$$$0000000F                 0x08000140   Section        0  entry11a.o(.ARM.Collect$$$$0000000F)
    .ARM.Collect$$$$00002712                 0x08000140   Section        4  entry2.o(.ARM.Collect$$$$00002712)
    __lit__00000000                          0x08000140   Data           4  entry2.o(.ARM.Collect$$$$00002712)
    .text                                    0x08000144   Section       36  startup_stm32f103xe.o(.text)
    .text                                    0x08000168   Section        0  llushr.o(.text)
    .text                                    0x08000188   Section        0  memseta.o(.text)
    .text                                    0x080001ac   Section        0  dadd.o(.text)
    .text                                    0x080002fa   Section        0  dmul.o(.text)
    .text                                    0x080003de   Section        0  ddiv.o(.text)
    .text                                    0x080004bc   Section        0  fflti.o(.text)
    .text                                    0x080004ce   Section        0  ffltui.o(.text)
    .text                                    0x080004d8   Section        0  dflti.o(.text)
    .text                                    0x080004fa   Section        0  dfltui.o(.text)
    .text                                    0x08000514   Section        0  f2d.o(.text)
    .text                                    0x0800053c   Section       48  cdcmple.o(.text)
    .text                                    0x0800056c   Section       48  cdrcmple.o(.text)
    .text                                    0x0800059c   Section        0  d2f.o(.text)
    .text                                    0x080005d4   Section       20  cfcmple.o(.text)
    .text                                    0x080005e8   Section       20  cfrcmple.o(.text)
    .text                                    0x080005fc   Section        0  uidiv.o(.text)
    .text                                    0x08000628   Section        0  uldiv.o(.text)
    .text                                    0x0800068a   Section        0  llshl.o(.text)
    .text                                    0x080006a8   Section        0  llsshr.o(.text)
    .text                                    0x080006cc   Section        0  iusefp.o(.text)
    .text                                    0x080006cc   Section        0  fepilogue.o(.text)
    .text                                    0x0800073a   Section        0  depilogue.o(.text)
    .text                                    0x080007f4   Section        0  dscalb.o(.text)
    .text                                    0x08000822   Section        0  dfixul.o(.text)
    .text                                    0x08000854   Section       36  init.o(.text)
    i.ADC_ConversionStop_Disable             0x08000878   Section        0  stm32f1xx_hal_adc.o(i.ADC_ConversionStop_Disable)
    i.ADC_Enable                             0x080008cc   Section        0  stm32f1xx_hal_adc.o(i.ADC_Enable)
    i.BusFault_Handler                       0x08000950   Section        0  stm32f1xx_it.o(i.BusFault_Handler)
    i.DebugMon_Handler                       0x08000954   Section        0  stm32f1xx_it.o(i.DebugMon_Handler)
    i.Delay                                  0x08000956   Section        0  lcd.o(i.Delay)
    i.Error_Handler                          0x08000968   Section        0  main.o(i.Error_Handler)
    i.FSMC_NORSRAM_Extended_Timing_Init      0x0800096c   Section        0  stm32f1xx_ll_fsmc.o(i.FSMC_NORSRAM_Extended_Timing_Init)
    i.FSMC_NORSRAM_Init                      0x080009b0   Section        0  stm32f1xx_ll_fsmc.o(i.FSMC_NORSRAM_Init)
    i.FSMC_NORSRAM_Timing_Init               0x08000a58   Section        0  stm32f1xx_ll_fsmc.o(i.FSMC_NORSRAM_Timing_Init)
    i.HAL_ADCEx_Calibration_Start            0x08000a9c   Section        0  stm32f1xx_hal_adc_ex.o(i.HAL_ADCEx_Calibration_Start)
    i.HAL_ADC_ConfigChannel                  0x08000ba0   Section        0  stm32f1xx_hal_adc.o(i.HAL_ADC_ConfigChannel)
    i.HAL_ADC_GetValue                       0x08000d00   Section        0  stm32f1xx_hal_adc.o(i.HAL_ADC_GetValue)
    i.HAL_ADC_Init                           0x08000d08   Section        0  stm32f1xx_hal_adc.o(i.HAL_ADC_Init)
    i.HAL_ADC_MspInit                        0x08000e68   Section        0  stm32f1xx_hal_msp.o(i.HAL_ADC_MspInit)
    i.HAL_ADC_PollForConversion              0x08000f80   Section        0  stm32f1xx_hal_adc.o(i.HAL_ADC_PollForConversion)
    i.HAL_ADC_Start                          0x080010f0   Section        0  stm32f1xx_hal_adc.o(i.HAL_ADC_Start)
    i.HAL_Delay                              0x08001220   Section        0  stm32f1xx_hal.o(i.HAL_Delay)
    i.HAL_FSMC_MspInit                       0x08001248   Section        0  stm32f1xx_hal_msp.o(i.HAL_FSMC_MspInit)
    HAL_FSMC_MspInit                         0x08001249   Thumb Code   106  stm32f1xx_hal_msp.o(i.HAL_FSMC_MspInit)
    i.HAL_GPIO_Init                          0x080012c4   Section        0  stm32f1xx_hal_gpio.o(i.HAL_GPIO_Init)
    i.HAL_GPIO_ReadPin                       0x08001604   Section        0  stm32f1xx_hal_gpio.o(i.HAL_GPIO_ReadPin)
    i.HAL_GPIO_WritePin                      0x08001614   Section        0  stm32f1xx_hal_gpio.o(i.HAL_GPIO_WritePin)
    i.HAL_GetTick                            0x08001620   Section        0  stm32f1xx_hal.o(i.HAL_GetTick)
    i.HAL_I2C_Init                           0x0800162c   Section        0  stm32f1xx_hal_i2c.o(i.HAL_I2C_Init)
    i.HAL_I2C_Mem_Read                       0x080017a8   Section        0  stm32f1xx_hal_i2c.o(i.HAL_I2C_Mem_Read)
    i.HAL_I2C_Mem_Write                      0x08001af0   Section        0  stm32f1xx_hal_i2c.o(i.HAL_I2C_Mem_Write)
    i.HAL_I2C_MspInit                        0x08001c78   Section        0  stm32f1xx_hal_msp.o(i.HAL_I2C_MspInit)
    i.HAL_IncTick                            0x08001d0c   Section        0  stm32f1xx_hal.o(i.HAL_IncTick)
    i.HAL_Init                               0x08001d24   Section        0  stm32f1xx_hal.o(i.HAL_Init)
    i.HAL_InitTick                           0x08001d4c   Section        0  stm32f1xx_hal.o(i.HAL_InitTick)
    i.HAL_MspInit                            0x08001d98   Section        0  stm32f1xx_hal_msp.o(i.HAL_MspInit)
    i.HAL_NVIC_EnableIRQ                     0x08001dec   Section        0  stm32f1xx_hal_cortex.o(i.HAL_NVIC_EnableIRQ)
    i.HAL_NVIC_SetPriority                   0x08001e06   Section        0  stm32f1xx_hal_cortex.o(i.HAL_NVIC_SetPriority)
    i.HAL_NVIC_SetPriorityGrouping           0x08001e84   Section        0  stm32f1xx_hal_cortex.o(i.HAL_NVIC_SetPriorityGrouping)
    i.HAL_PWR_EnableBkUpAccess               0x08001eac   Section        0  stm32f1xx_hal_pwr.o(i.HAL_PWR_EnableBkUpAccess)
    i.HAL_RCCEx_GetPeriphCLKFreq             0x08001eb8   Section        0  stm32f1xx_hal_rcc_ex.o(i.HAL_RCCEx_GetPeriphCLKFreq)
    i.HAL_RCCEx_PeriphCLKConfig              0x08001ff4   Section        0  stm32f1xx_hal_rcc_ex.o(i.HAL_RCCEx_PeriphCLKConfig)
    i.HAL_RCC_ClockConfig                    0x08002124   Section        0  stm32f1xx_hal_rcc.o(i.HAL_RCC_ClockConfig)
    i.HAL_RCC_GetHCLKFreq                    0x080022f4   Section        0  stm32f1xx_hal_rcc.o(i.HAL_RCC_GetHCLKFreq)
    i.HAL_RCC_GetPCLK1Freq                   0x08002300   Section        0  stm32f1xx_hal_rcc.o(i.HAL_RCC_GetPCLK1Freq)
    i.HAL_RCC_GetPCLK2Freq                   0x08002320   Section        0  stm32f1xx_hal_rcc.o(i.HAL_RCC_GetPCLK2Freq)
    i.HAL_RCC_GetSysClockFreq                0x08002340   Section        0  stm32f1xx_hal_rcc.o(i.HAL_RCC_GetSysClockFreq)
    i.HAL_RCC_OscConfig                      0x080023d4   Section        0  stm32f1xx_hal_rcc.o(i.HAL_RCC_OscConfig)
    i.HAL_RTC_AlarmAEventCallback            0x08002814   Section        0  stm32f1xx_hal_rtc.o(i.HAL_RTC_AlarmAEventCallback)
    i.HAL_RTC_AlarmIRQHandler                0x08002818   Section        0  stm32f1xx_hal_rtc.o(i.HAL_RTC_AlarmIRQHandler)
    i.HAL_RTC_GetDate                        0x08002850   Section        0  stm32f1xx_hal_rtc.o(i.HAL_RTC_GetDate)
    i.HAL_RTC_GetTime                        0x080028a2   Section        0  stm32f1xx_hal_rtc.o(i.HAL_RTC_GetTime)
    i.HAL_RTC_Init                           0x080029a8   Section        0  stm32f1xx_hal_rtc.o(i.HAL_RTC_Init)
    i.HAL_RTC_MspInit                        0x08002a78   Section        0  stm32f1xx_hal_msp.o(i.HAL_RTC_MspInit)
    i.HAL_RTC_SetAlarm_IT                    0x08002ac8   Section        0  stm32f1xx_hal_rtc.o(i.HAL_RTC_SetAlarm_IT)
    i.HAL_RTC_SetDate                        0x08002bd0   Section        0  stm32f1xx_hal_rtc.o(i.HAL_RTC_SetDate)
    i.HAL_RTC_SetTime                        0x08002cc8   Section        0  stm32f1xx_hal_rtc.o(i.HAL_RTC_SetTime)
    i.HAL_RTC_WaitForSynchro                 0x08002da4   Section        0  stm32f1xx_hal_rtc.o(i.HAL_RTC_WaitForSynchro)
    i.HAL_SRAM_Init                          0x08002de4   Section        0  stm32f1xx_hal_sram.o(i.HAL_SRAM_Init)
    i.HAL_SRAM_MspInit                       0x08002e3c   Section        0  stm32f1xx_hal_msp.o(i.HAL_SRAM_MspInit)
    i.HAL_SYSTICK_Config                     0x08002e46   Section        0  stm32f1xx_hal_cortex.o(i.HAL_SYSTICK_Config)
    i.HAL_TIMEx_MasterConfigSynchronization  0x08002e7a   Section        0  stm32f1xx_hal_tim_ex.o(i.HAL_TIMEx_MasterConfigSynchronization)
    i.HAL_TIM_Base_Init                      0x08002edc   Section        0  stm32f1xx_hal_tim.o(i.HAL_TIM_Base_Init)
    i.HAL_TIM_Base_MspInit                   0x08002f10   Section        0  stm32f1xx_hal_msp.o(i.HAL_TIM_Base_MspInit)
    i.HAL_TIM_ConfigClockSource              0x08002f68   Section        0  stm32f1xx_hal_tim.o(i.HAL_TIM_ConfigClockSource)
    i.HAL_TIM_MspPostInit                    0x0800309c   Section        0  stm32f1xx_hal_msp.o(i.HAL_TIM_MspPostInit)
    i.HAL_TIM_PWM_ConfigChannel              0x08003134   Section        0  stm32f1xx_hal_tim.o(i.HAL_TIM_PWM_ConfigChannel)
    i.HAL_TIM_PWM_Init                       0x0800323c   Section        0  stm32f1xx_hal_tim.o(i.HAL_TIM_PWM_Init)
    i.HAL_TIM_PWM_MspInit                    0x08003270   Section        0  stm32f1xx_hal_tim.o(i.HAL_TIM_PWM_MspInit)
    i.HAL_TIM_PWM_Start                      0x08003274   Section        0  stm32f1xx_hal_tim.o(i.HAL_TIM_PWM_Start)
    i.HardFault_Handler                      0x080032c0   Section        0  stm32f1xx_it.o(i.HardFault_Handler)
    i.I2C_IsAcknowledgeFailed                0x080032c4   Section        0  stm32f1xx_hal_i2c.o(i.I2C_IsAcknowledgeFailed)
    I2C_IsAcknowledgeFailed                  0x080032c5   Thumb Code    52  stm32f1xx_hal_i2c.o(i.I2C_IsAcknowledgeFailed)
    i.I2C_RequestMemoryRead                  0x080032f8   Section        0  stm32f1xx_hal_i2c.o(i.I2C_RequestMemoryRead)
    I2C_RequestMemoryRead                    0x080032f9   Thumb Code   340  stm32f1xx_hal_i2c.o(i.I2C_RequestMemoryRead)
    i.I2C_RequestMemoryWrite                 0x08003450   Section        0  stm32f1xx_hal_i2c.o(i.I2C_RequestMemoryWrite)
    I2C_RequestMemoryWrite                   0x08003451   Thumb Code   218  stm32f1xx_hal_i2c.o(i.I2C_RequestMemoryWrite)
    i.I2C_WaitOnBTFFlagUntilTimeout          0x08003530   Section        0  stm32f1xx_hal_i2c.o(i.I2C_WaitOnBTFFlagUntilTimeout)
    I2C_WaitOnBTFFlagUntilTimeout            0x08003531   Thumb Code    86  stm32f1xx_hal_i2c.o(i.I2C_WaitOnBTFFlagUntilTimeout)
    i.I2C_WaitOnFlagUntilTimeout             0x08003586   Section        0  stm32f1xx_hal_i2c.o(i.I2C_WaitOnFlagUntilTimeout)
    I2C_WaitOnFlagUntilTimeout               0x08003587   Thumb Code   124  stm32f1xx_hal_i2c.o(i.I2C_WaitOnFlagUntilTimeout)
    i.I2C_WaitOnMasterAddressFlagUntilTimeout 0x08003602   Section        0  stm32f1xx_hal_i2c.o(i.I2C_WaitOnMasterAddressFlagUntilTimeout)
    I2C_WaitOnMasterAddressFlagUntilTimeout  0x08003603   Thumb Code   172  stm32f1xx_hal_i2c.o(i.I2C_WaitOnMasterAddressFlagUntilTimeout)
    i.I2C_WaitOnRXNEFlagUntilTimeout         0x080036ae   Section        0  stm32f1xx_hal_i2c.o(i.I2C_WaitOnRXNEFlagUntilTimeout)
    I2C_WaitOnRXNEFlagUntilTimeout           0x080036af   Thumb Code   110  stm32f1xx_hal_i2c.o(i.I2C_WaitOnRXNEFlagUntilTimeout)
    i.I2C_WaitOnTXEFlagUntilTimeout          0x0800371c   Section        0  stm32f1xx_hal_i2c.o(i.I2C_WaitOnTXEFlagUntilTimeout)
    I2C_WaitOnTXEFlagUntilTimeout            0x0800371d   Thumb Code    86  stm32f1xx_hal_i2c.o(i.I2C_WaitOnTXEFlagUntilTimeout)
    i.LCD_BackLed_Control                    0x08003774   Section        0  lcd.o(i.LCD_BackLed_Control)
    i.LCD_Clear                              0x08003798   Section        0  lcd.o(i.LCD_Clear)
    i.LCD_DrawChar                           0x080037c4   Section        0  lcd.o(i.LCD_DrawChar)
    i.LCD_DrawDot                            0x08003828   Section        0  lcd.o(i.LCD_DrawDot)
    i.LCD_DrawString                         0x08003846   Section        0  lcd.o(i.LCD_DrawString)
    i.LCD_FillColor                          0x08003888   Section        0  lcd.o(i.LCD_FillColor)
    i.LCD_INIT                               0x080038a8   Section        0  lcd.o(i.LCD_INIT)
    i.LCD_OpenWindow                         0x080038ce   Section        0  lcd.o(i.LCD_OpenWindow)
    i.LCD_REG_Config                         0x08003928   Section        0  lcd.o(i.LCD_REG_Config)
    i.LCD_Rst                                0x08003b58   Section        0  lcd.o(i.LCD_Rst)
    i.LCD_Write_Cmd                          0x08003b84   Section        0  lcd.o(i.LCD_Write_Cmd)
    i.LCD_Write_Data                         0x08003b8c   Section        0  lcd.o(i.LCD_Write_Data)
    i.MX_ADC1_Init                           0x08003b98   Section        0  main.o(i.MX_ADC1_Init)
    MX_ADC1_Init                             0x08003b99   Thumb Code    82  main.o(i.MX_ADC1_Init)
    i.MX_ADC2_Init                           0x08003bf4   Section        0  main.o(i.MX_ADC2_Init)
    MX_ADC2_Init                             0x08003bf5   Thumb Code    82  main.o(i.MX_ADC2_Init)
    i.MX_ADC3_Init                           0x08003c50   Section        0  main.o(i.MX_ADC3_Init)
    MX_ADC3_Init                             0x08003c51   Thumb Code    82  main.o(i.MX_ADC3_Init)
    i.MX_FSMC_Init                           0x08003cac   Section        0  main.o(i.MX_FSMC_Init)
    MX_FSMC_Init                             0x08003cad   Thumb Code   124  main.o(i.MX_FSMC_Init)
    i.MX_GPIO_Init                           0x08003d34   Section        0  main.o(i.MX_GPIO_Init)
    MX_GPIO_Init                             0x08003d35   Thumb Code   320  main.o(i.MX_GPIO_Init)
    i.MX_I2C2_Init                           0x08003e8c   Section        0  main.o(i.MX_I2C2_Init)
    MX_I2C2_Init                             0x08003e8d   Thumb Code    48  main.o(i.MX_I2C2_Init)
    i.MX_TIM3_Init                           0x08003ec8   Section        0  main.o(i.MX_TIM3_Init)
    MX_TIM3_Init                             0x08003ec9   Thumb Code   164  main.o(i.MX_TIM3_Init)
    i.MX_TIM4_Init                           0x08003f74   Section        0  main.o(i.MX_TIM4_Init)
    MX_TIM4_Init                             0x08003f75   Thumb Code   164  main.o(i.MX_TIM4_Init)
    i.MemManage_Handler                      0x08004024   Section        0  stm32f1xx_it.o(i.MemManage_Handler)
    i.NMI_Handler                            0x08004028   Section        0  stm32f1xx_it.o(i.NMI_Handler)
    i.NVIC_GetPriorityGrouping               0x0800402c   Section        0  stm32f1xx_hal_cortex.o(i.NVIC_GetPriorityGrouping)
    NVIC_GetPriorityGrouping                 0x0800402d   Thumb Code    10  stm32f1xx_hal_cortex.o(i.NVIC_GetPriorityGrouping)
    i.NVIC_SetPriority                       0x0800403c   Section        0  stm32f1xx_hal_cortex.o(i.NVIC_SetPriority)
    NVIC_SetPriority                         0x0800403d   Thumb Code    32  stm32f1xx_hal_cortex.o(i.NVIC_SetPriority)
    i.PendSV_Handler                         0x08004064   Section        0  stm32f1xx_it.o(i.PendSV_Handler)
    i.RCC_Delay                              0x08004068   Section        0  stm32f1xx_hal_rcc.o(i.RCC_Delay)
    RCC_Delay                                0x08004069   Thumb Code    36  stm32f1xx_hal_rcc.o(i.RCC_Delay)
    i.RTC_Alarm_IRQHandler                   0x08004090   Section        0  stm32f1xx_it.o(i.RTC_Alarm_IRQHandler)
    i.RTC_Bcd2ToByte                         0x080040a0   Section        0  stm32f1xx_hal_rtc.o(i.RTC_Bcd2ToByte)
    RTC_Bcd2ToByte                           0x080040a1   Thumb Code    22  stm32f1xx_hal_rtc.o(i.RTC_Bcd2ToByte)
    i.RTC_ByteToBcd2                         0x080040b6   Section        0  stm32f1xx_hal_rtc.o(i.RTC_ByteToBcd2)
    RTC_ByteToBcd2                           0x080040b7   Thumb Code    26  stm32f1xx_hal_rtc.o(i.RTC_ByteToBcd2)
    i.RTC_DateUpdate                         0x080040d0   Section        0  stm32f1xx_hal_rtc.o(i.RTC_DateUpdate)
    RTC_DateUpdate                           0x080040d1   Thumb Code   182  stm32f1xx_hal_rtc.o(i.RTC_DateUpdate)
    i.RTC_EnterInitMode                      0x08004186   Section        0  stm32f1xx_hal_rtc.o(i.RTC_EnterInitMode)
    RTC_EnterInitMode                        0x08004187   Thumb Code    58  stm32f1xx_hal_rtc.o(i.RTC_EnterInitMode)
    i.RTC_ExitInitMode                       0x080041c0   Section        0  stm32f1xx_hal_rtc.o(i.RTC_ExitInitMode)
    RTC_ExitInitMode                         0x080041c1   Thumb Code    58  stm32f1xx_hal_rtc.o(i.RTC_ExitInitMode)
    i.RTC_IsLeapYear                         0x080041fa   Section        0  stm32f1xx_hal_rtc.o(i.RTC_IsLeapYear)
    RTC_IsLeapYear                           0x080041fb   Thumb Code    50  stm32f1xx_hal_rtc.o(i.RTC_IsLeapYear)
    i.RTC_ReadAlarmCounter                   0x0800422c   Section        0  stm32f1xx_hal_rtc.o(i.RTC_ReadAlarmCounter)
    RTC_ReadAlarmCounter                     0x0800422d   Thumb Code    24  stm32f1xx_hal_rtc.o(i.RTC_ReadAlarmCounter)
    i.RTC_ReadTimeCounter                    0x08004244   Section        0  stm32f1xx_hal_rtc.o(i.RTC_ReadTimeCounter)
    RTC_ReadTimeCounter                      0x08004245   Thumb Code    52  stm32f1xx_hal_rtc.o(i.RTC_ReadTimeCounter)
    i.RTC_WeekDayNum                         0x08004278   Section        0  stm32f1xx_hal_rtc.o(i.RTC_WeekDayNum)
    RTC_WeekDayNum                           0x08004279   Thumb Code   132  stm32f1xx_hal_rtc.o(i.RTC_WeekDayNum)
    i.RTC_WriteAlarmCounter                  0x080042fc   Section        0  stm32f1xx_hal_rtc.o(i.RTC_WriteAlarmCounter)
    RTC_WriteAlarmCounter                    0x080042fd   Thumb Code    46  stm32f1xx_hal_rtc.o(i.RTC_WriteAlarmCounter)
    i.RTC_WriteTimeCounter                   0x0800432a   Section        0  stm32f1xx_hal_rtc.o(i.RTC_WriteTimeCounter)
    RTC_WriteTimeCounter                     0x0800432b   Thumb Code    46  stm32f1xx_hal_rtc.o(i.RTC_WriteTimeCounter)
    i.SVC_Handler                            0x08004358   Section        0  stm32f1xx_it.o(i.SVC_Handler)
    i.SysTick_Handler                        0x0800435a   Section        0  stm32f1xx_it.o(i.SysTick_Handler)
    i.SystemClock_Config                     0x08004362   Section        0  main.o(i.SystemClock_Config)
    i.SystemInit                             0x080043f0   Section        0  system_stm32f1xx.o(i.SystemInit)
    i.TIM_Base_SetConfig                     0x08004448   Section        0  stm32f1xx_hal_tim.o(i.TIM_Base_SetConfig)
    i.TIM_CCxChannelCmd                      0x080044e0   Section        0  stm32f1xx_hal_tim.o(i.TIM_CCxChannelCmd)
    i.TIM_ETR_SetConfig                      0x080044fc   Section        0  stm32f1xx_hal_tim.o(i.TIM_ETR_SetConfig)
    TIM_ETR_SetConfig                        0x080044fd   Thumb Code    24  stm32f1xx_hal_tim.o(i.TIM_ETR_SetConfig)
    i.TIM_ITRx_SetConfig                     0x08004514   Section        0  stm32f1xx_hal_tim.o(i.TIM_ITRx_SetConfig)
    TIM_ITRx_SetConfig                       0x08004515   Thumb Code    20  stm32f1xx_hal_tim.o(i.TIM_ITRx_SetConfig)
    i.TIM_OC1_SetConfig                      0x08004528   Section        0  stm32f1xx_hal_tim.o(i.TIM_OC1_SetConfig)
    TIM_OC1_SetConfig                        0x08004529   Thumb Code   110  stm32f1xx_hal_tim.o(i.TIM_OC1_SetConfig)
    i.TIM_OC2_SetConfig                      0x080045a0   Section        0  stm32f1xx_hal_tim.o(i.TIM_OC2_SetConfig)
    i.TIM_OC3_SetConfig                      0x08004620   Section        0  stm32f1xx_hal_tim.o(i.TIM_OC3_SetConfig)
    TIM_OC3_SetConfig                        0x08004621   Thumb Code   118  stm32f1xx_hal_tim.o(i.TIM_OC3_SetConfig)
    i.TIM_OC4_SetConfig                      0x080046a0   Section        0  stm32f1xx_hal_tim.o(i.TIM_OC4_SetConfig)
    TIM_OC4_SetConfig                        0x080046a1   Thumb Code    80  stm32f1xx_hal_tim.o(i.TIM_OC4_SetConfig)
    i.TIM_TI1_ConfigInputStage               0x080046f8   Section        0  stm32f1xx_hal_tim.o(i.TIM_TI1_ConfigInputStage)
    TIM_TI1_ConfigInputStage                 0x080046f9   Thumb Code    42  stm32f1xx_hal_tim.o(i.TIM_TI1_ConfigInputStage)
    i.TIM_TI2_ConfigInputStage               0x08004722   Section        0  stm32f1xx_hal_tim.o(i.TIM_TI2_ConfigInputStage)
    TIM_TI2_ConfigInputStage                 0x08004723   Thumb Code    44  stm32f1xx_hal_tim.o(i.TIM_TI2_ConfigInputStage)
    i.Triangle                               0x0800474e   Section        0  lcd.o(i.Triangle)
    i.UsageFault_Handler                     0x08004794   Section        0  stm32f1xx_it.o(i.UsageFault_Handler)
    i.__0sprintf                             0x08004798   Section        0  printfa.o(i.__0sprintf)
    i.__ARM_fpclassify                       0x080047c0   Section        0  fpclassify.o(i.__ARM_fpclassify)
    i.__kernel_poly                          0x080047e8   Section        0  poly.o(i.__kernel_poly)
    i.__mathlib_dbl_infnan                   0x08004892   Section        0  dunder.o(i.__mathlib_dbl_infnan)
    i.__mathlib_dbl_underflow                0x08004898   Section        0  dunder.o(i.__mathlib_dbl_underflow)
    i.__scatterload_copy                     0x080048a8   Section       14  handlers.o(i.__scatterload_copy)
    i.__scatterload_null                     0x080048b6   Section        2  handlers.o(i.__scatterload_null)
    i.__scatterload_zeroinit                 0x080048b8   Section       14  handlers.o(i.__scatterload_zeroinit)
    i._fp_digits                             0x080048c8   Section        0  printfa.o(i._fp_digits)
    _fp_digits                               0x080048c9   Thumb Code   366  printfa.o(i._fp_digits)
    i._printf_core                           0x08004a4c   Section        0  printfa.o(i._printf_core)
    _printf_core                             0x08004a4d   Thumb Code  1744  printfa.o(i._printf_core)
    i._printf_post_padding                   0x08005128   Section        0  printfa.o(i._printf_post_padding)
    _printf_post_padding                     0x08005129   Thumb Code    36  printfa.o(i._printf_post_padding)
    i._printf_pre_padding                    0x0800514c   Section        0  printfa.o(i._printf_pre_padding)
    _printf_pre_padding                      0x0800514d   Thumb Code    46  printfa.o(i._printf_pre_padding)
    i._sputc                                 0x0800517a   Section        0  printfa.o(i._sputc)
    _sputc                                   0x0800517b   Thumb Code    10  printfa.o(i._sputc)
    i.atan                                   0x08005184   Section        0  atan.o(i.atan)
    i.main                                   0x080053a4   Section        0  main.o(i.main)
    i.user_pwm_setvalue                      0x08005fc8   Section        0  main.o(i.user_pwm_setvalue)
    i.user_pwm_setvalue2                     0x08005ff4   Section        0  main.o(i.user_pwm_setvalue2)
    .constdata                               0x08006020   Section     1520  lcd.o(.constdata)
    .constdata                               0x08006610   Section       24  system_stm32f1xx.o(.constdata)
    .constdata                               0x08006628   Section      152  atan.o(.constdata)
    atanhi                                   0x08006628   Data          32  atan.o(.constdata)
    atanlo                                   0x08006648   Data          32  atan.o(.constdata)
    aTodd                                    0x08006668   Data          40  atan.o(.constdata)
    aTeven                                   0x08006690   Data          48  atan.o(.constdata)
    .data                                    0x20000000   Section        8  stm32f1xx_hal_msp.o(.data)
    FSMC_Initialized                         0x20000000   Data           4  stm32f1xx_hal_msp.o(.data)
    FSMC_DeInitialized                       0x20000004   Data           4  stm32f1xx_hal_msp.o(.data)
    .data                                    0x20000008   Section        9  stm32f1xx_hal.o(.data)
    .data                                    0x20000014   Section        4  system_stm32f1xx.o(.data)
    .bss                                     0x20000018   Section      444  main.o(.bss)
    STACK                                    0x200001d8   Section     1024  startup_stm32f103xe.o(STACK)

    Global Symbols

    Symbol Name                              Value     Ov Type        Size  Object(Section)

    BuildAttributes$$THM_ISAv4$P$D$K$B$S$PE$A:L22UL41UL21$X:L11$S22US41US21$IEEE1$IW$USESV6$~STKCKD$USESV7$~SHL$OTIME$ROPI$IEEEX$EBA8$MICROLIB$REQ8$PRES8$EABIv2 0x00000000   Number         0  anon$$obj.o ABSOLUTE
    __ARM_use_no_argv                        0x00000000   Number         0  main.o ABSOLUTE
    _printf_a                                0x00000000   Number         0  stubs.o ABSOLUTE
    _printf_c                                0x00000000   Number         0  stubs.o ABSOLUTE
    _printf_charcount                        0x00000000   Number         0  stubs.o ABSOLUTE
    _printf_d                                0x00000000   Number         0  stubs.o ABSOLUTE
    _printf_e                                0x00000000   Number         0  stubs.o ABSOLUTE
    _printf_f                                0x00000000   Number         0  stubs.o ABSOLUTE
    _printf_flags                            0x00000000   Number         0  stubs.o ABSOLUTE
    _printf_fp_dec                           0x00000000   Number         0  stubs.o ABSOLUTE
    _printf_fp_hex                           0x00000000   Number         0  stubs.o ABSOLUTE
    _printf_g                                0x00000000   Number         0  stubs.o ABSOLUTE
    _printf_i                                0x00000000   Number         0  stubs.o ABSOLUTE
    _printf_int_dec                          0x00000000   Number         0  stubs.o ABSOLUTE
    _printf_l                                0x00000000   Number         0  stubs.o ABSOLUTE
    _printf_lc                               0x00000000   Number         0  stubs.o ABSOLUTE
    _printf_ll                               0x00000000   Number         0  stubs.o ABSOLUTE
    _printf_lld                              0x00000000   Number         0  stubs.o ABSOLUTE
    _printf_lli                              0x00000000   Number         0  stubs.o ABSOLUTE
    _printf_llo                              0x00000000   Number         0  stubs.o ABSOLUTE
    _printf_llu                              0x00000000   Number         0  stubs.o ABSOLUTE
    _printf_llx                              0x00000000   Number         0  stubs.o ABSOLUTE
    _printf_longlong_dec                     0x00000000   Number         0  stubs.o ABSOLUTE
    _printf_longlong_hex                     0x00000000   Number         0  stubs.o ABSOLUTE
    _printf_longlong_oct                     0x00000000   Number         0  stubs.o ABSOLUTE
    _printf_ls                               0x00000000   Number         0  stubs.o ABSOLUTE
    _printf_mbtowc                           0x00000000   Number         0  stubs.o ABSOLUTE
    _printf_n                                0x00000000   Number         0  stubs.o ABSOLUTE
    _printf_o                                0x00000000   Number         0  stubs.o ABSOLUTE
    _printf_p                                0x00000000   Number         0  stubs.o ABSOLUTE
    _printf_percent                          0x00000000   Number         0  stubs.o ABSOLUTE
    _printf_pre_padding                      0x00000000   Number         0  stubs.o ABSOLUTE
    _printf_return_value                     0x00000000   Number         0  stubs.o ABSOLUTE
    _printf_s                                0x00000000   Number         0  stubs.o ABSOLUTE
    _printf_sizespec                         0x00000000   Number         0  stubs.o ABSOLUTE
    _printf_str                              0x00000000   Number         0  stubs.o ABSOLUTE
    _printf_truncate_signed                  0x00000000   Number         0  stubs.o ABSOLUTE
    _printf_truncate_unsigned                0x00000000   Number         0  stubs.o ABSOLUTE
    _printf_u                                0x00000000   Number         0  stubs.o ABSOLUTE
    _printf_wc                               0x00000000   Number         0  stubs.o ABSOLUTE
    _printf_wctomb                           0x00000000   Number         0  stubs.o ABSOLUTE
    _printf_widthprec                        0x00000000   Number         0  stubs.o ABSOLUTE
    _printf_x                                0x00000000   Number         0  stubs.o ABSOLUTE
    __cpp_initialize__aeabi_                  - Undefined Weak Reference
    __cxa_finalize                            - Undefined Weak Reference
    __decompress                              - Undefined Weak Reference
    _clock_init                               - Undefined Weak Reference
    _microlib_exit                            - Undefined Weak Reference
    __Vectors_Size                           0x00000130   Number         0  startup_stm32f103xe.o ABSOLUTE
    __Vectors                                0x08000000   Data           4  startup_stm32f103xe.o(RESET)
    __Vectors_End                            0x08000130   Data           0  startup_stm32f103xe.o(RESET)
    __main                                   0x08000131   Thumb Code     0  entry.o(.ARM.Collect$$$$00000000)
    _main_stk                                0x08000131   Thumb Code     0  entry2.o(.ARM.Collect$$$$00000001)
    _main_scatterload                        0x08000135   Thumb Code     0  entry5.o(.ARM.Collect$$$$00000004)
    __main_after_scatterload                 0x08000139   Thumb Code     0  entry5.o(.ARM.Collect$$$$00000004)
    _main_clock                              0x08000139   Thumb Code     0  entry7b.o(.ARM.Collect$$$$00000008)
    _main_cpp_init                           0x08000139   Thumb Code     0  entry8b.o(.ARM.Collect$$$$0000000A)
    _main_init                               0x08000139   Thumb Code     0  entry9a.o(.ARM.Collect$$$$0000000B)
    __rt_final_cpp                           0x08000141   Thumb Code     0  entry10a.o(.ARM.Collect$$$$0000000D)
    __rt_final_exit                          0x08000141   Thumb Code     0  entry11a.o(.ARM.Collect$$$$0000000F)
    Reset_Handler                            0x08000145   Thumb Code     8  startup_stm32f103xe.o(.text)
    ADC1_2_IRQHandler                        0x0800015f   Thumb Code     0  startup_stm32f103xe.o(.text)
    ADC3_IRQHandler                          0x0800015f   Thumb Code     0  startup_stm32f103xe.o(.text)
    CAN1_RX1_IRQHandler                      0x0800015f   Thumb Code     0  startup_stm32f103xe.o(.text)
    CAN1_SCE_IRQHandler                      0x0800015f   Thumb Code     0  startup_stm32f103xe.o(.text)
    DMA1_Channel1_IRQHandler                 0x0800015f   Thumb Code     0  startup_stm32f103xe.o(.text)
    DMA1_Channel2_IRQHandler                 0x0800015f   Thumb Code     0  startup_stm32f103xe.o(.text)
    DMA1_Channel3_IRQHandler                 0x0800015f   Thumb Code     0  startup_stm32f103xe.o(.text)
    DMA1_Channel4_IRQHandler                 0x0800015f   Thumb Code     0  startup_stm32f103xe.o(.text)
    DMA1_Channel5_IRQHandler                 0x0800015f   Thumb Code     0  startup_stm32f103xe.o(.text)
    DMA1_Channel6_IRQHandler                 0x0800015f   Thumb Code     0  startup_stm32f103xe.o(.text)
    DMA1_Channel7_IRQHandler                 0x0800015f   Thumb Code     0  startup_stm32f103xe.o(.text)
    DMA2_Channel1_IRQHandler                 0x0800015f   Thumb Code     0  startup_stm32f103xe.o(.text)
    DMA2_Channel2_IRQHandler                 0x0800015f   Thumb Code     0  startup_stm32f103xe.o(.text)
    DMA2_Channel3_IRQHandler                 0x0800015f   Thumb Code     0  startup_stm32f103xe.o(.text)
    DMA2_Channel4_5_IRQHandler               0x0800015f   Thumb Code     0  startup_stm32f103xe.o(.text)
    EXTI0_IRQHandler                         0x0800015f   Thumb Code     0  startup_stm32f103xe.o(.text)
    EXTI15_10_IRQHandler                     0x0800015f   Thumb Code     0  startup_stm32f103xe.o(.text)
    EXTI1_IRQHandler                         0x0800015f   Thumb Code     0  startup_stm32f103xe.o(.text)
    EXTI2_IRQHandler                         0x0800015f   Thumb Code     0  startup_stm32f103xe.o(.text)
    EXTI3_IRQHandler                         0x0800015f   Thumb Code     0  startup_stm32f103xe.o(.text)
    EXTI4_IRQHandler                         0x0800015f   Thumb Code     0  startup_stm32f103xe.o(.text)
    EXTI9_5_IRQHandler                       0x0800015f   Thumb Code     0  startup_stm32f103xe.o(.text)
    FLASH_IRQHandler                         0x0800015f   Thumb Code     0  startup_stm32f103xe.o(.text)
    FSMC_IRQHandler                          0x0800015f   Thumb Code     0  startup_stm32f103xe.o(.text)
    I2C1_ER_IRQHandler                       0x0800015f   Thumb Code     0  startup_stm32f103xe.o(.text)
    I2C1_EV_IRQHandler                       0x0800015f   Thumb Code     0  startup_stm32f103xe.o(.text)
    I2C2_ER_IRQHandler                       0x0800015f   Thumb Code     0  startup_stm32f103xe.o(.text)
    I2C2_EV_IRQHandler                       0x0800015f   Thumb Code     0  startup_stm32f103xe.o(.text)
    PVD_IRQHandler                           0x0800015f   Thumb Code     0  startup_stm32f103xe.o(.text)
    RCC_IRQHandler                           0x0800015f   Thumb Code     0  startup_stm32f103xe.o(.text)
    RTC_IRQHandler                           0x0800015f   Thumb Code     0  startup_stm32f103xe.o(.text)
    SDIO_IRQHandler                          0x0800015f   Thumb Code     0  startup_stm32f103xe.o(.text)
    SPI1_IRQHandler                          0x0800015f   Thumb Code     0  startup_stm32f103xe.o(.text)
    SPI2_IRQHandler                          0x0800015f   Thumb Code     0  startup_stm32f103xe.o(.text)
    SPI3_IRQHandler                          0x0800015f   Thumb Code     0  startup_stm32f103xe.o(.text)
    TAMPER_IRQHandler                        0x0800015f   Thumb Code     0  startup_stm32f103xe.o(.text)
    TIM1_BRK_IRQHandler                      0x0800015f   Thumb Code     0  startup_stm32f103xe.o(.text)
    TIM1_CC_IRQHandler                       0x0800015f   Thumb Code     0  startup_stm32f103xe.o(.text)
    TIM1_TRG_COM_IRQHandler                  0x0800015f   Thumb Code     0  startup_stm32f103xe.o(.text)
    TIM1_UP_IRQHandler                       0x0800015f   Thumb Code     0  startup_stm32f103xe.o(.text)
    TIM2_IRQHandler                          0x0800015f   Thumb Code     0  startup_stm32f103xe.o(.text)
    TIM3_IRQHandler                          0x0800015f   Thumb Code     0  startup_stm32f103xe.o(.text)
    TIM4_IRQHandler                          0x0800015f   Thumb Code     0  startup_stm32f103xe.o(.text)
    TIM5_IRQHandler                          0x0800015f   Thumb Code     0  startup_stm32f103xe.o(.text)
    TIM6_IRQHandler                          0x0800015f   Thumb Code     0  startup_stm32f103xe.o(.text)
    TIM7_IRQHandler                          0x0800015f   Thumb Code     0  startup_stm32f103xe.o(.text)
    TIM8_BRK_IRQHandler                      0x0800015f   Thumb Code     0  startup_stm32f103xe.o(.text)
    TIM8_CC_IRQHandler                       0x0800015f   Thumb Code     0  startup_stm32f103xe.o(.text)
    TIM8_TRG_COM_IRQHandler                  0x0800015f   Thumb Code     0  startup_stm32f103xe.o(.text)
    TIM8_UP_IRQHandler                       0x0800015f   Thumb Code     0  startup_stm32f103xe.o(.text)
    UART4_IRQHandler                         0x0800015f   Thumb Code     0  startup_stm32f103xe.o(.text)
    UART5_IRQHandler                         0x0800015f   Thumb Code     0  startup_stm32f103xe.o(.text)
    USART1_IRQHandler                        0x0800015f   Thumb Code     0  startup_stm32f103xe.o(.text)
    USART2_IRQHandler                        0x0800015f   Thumb Code     0  startup_stm32f103xe.o(.text)
    USART3_IRQHandler                        0x0800015f   Thumb Code     0  startup_stm32f103xe.o(.text)
    USBWakeUp_IRQHandler                     0x0800015f   Thumb Code     0  startup_stm32f103xe.o(.text)
    USB_HP_CAN1_TX_IRQHandler                0x0800015f   Thumb Code     0  startup_stm32f103xe.o(.text)
    USB_LP_CAN1_RX0_IRQHandler               0x0800015f   Thumb Code     0  startup_stm32f103xe.o(.text)
    WWDG_IRQHandler                          0x0800015f   Thumb Code     0  startup_stm32f103xe.o(.text)
    __aeabi_llsr                             0x08000169   Thumb Code    32  llushr.o(.text)
    _ll_ushift_r                             0x08000169   Thumb Code     0  llushr.o(.text)
    __aeabi_memset                           0x08000189   Thumb Code    14  memseta.o(.text)
    __aeabi_memset4                          0x08000189   Thumb Code     0  memseta.o(.text)
    __aeabi_memset8                          0x08000189   Thumb Code     0  memseta.o(.text)
    __aeabi_memclr                           0x08000197   Thumb Code     4  memseta.o(.text)
    __aeabi_memclr4                          0x08000197   Thumb Code     0  memseta.o(.text)
    __aeabi_memclr8                          0x08000197   Thumb Code     0  memseta.o(.text)
    _memset$wrapper                          0x0800019b   Thumb Code    18  memseta.o(.text)
    __aeabi_dadd                             0x080001ad   Thumb Code   322  dadd.o(.text)
    __aeabi_dsub                             0x080002ef   Thumb Code     6  dadd.o(.text)
    __aeabi_drsub                            0x080002f5   Thumb Code     6  dadd.o(.text)
    __aeabi_dmul                             0x080002fb   Thumb Code   228  dmul.o(.text)
    __aeabi_ddiv                             0x080003df   Thumb Code   222  ddiv.o(.text)
    __aeabi_i2f                              0x080004bd   Thumb Code    18  fflti.o(.text)
    __aeabi_ui2f                             0x080004cf   Thumb Code    10  ffltui.o(.text)
    __aeabi_i2d                              0x080004d9   Thumb Code    34  dflti.o(.text)
    __aeabi_ui2d                             0x080004fb   Thumb Code    26  dfltui.o(.text)
    __aeabi_f2d                              0x08000515   Thumb Code    38  f2d.o(.text)
    __aeabi_cdcmpeq                          0x0800053d   Thumb Code     0  cdcmple.o(.text)
    __aeabi_cdcmple                          0x0800053d   Thumb Code    48  cdcmple.o(.text)
    __aeabi_cdrcmple                         0x0800056d   Thumb Code    48  cdrcmple.o(.text)
    __aeabi_d2f                              0x0800059d   Thumb Code    56  d2f.o(.text)
    __aeabi_cfcmpeq                          0x080005d5   Thumb Code     0  cfcmple.o(.text)
    __aeabi_cfcmple                          0x080005d5   Thumb Code    20  cfcmple.o(.text)
    __aeabi_cfrcmple                         0x080005e9   Thumb Code    20  cfrcmple.o(.text)
    __aeabi_uidiv                            0x080005fd   Thumb Code     0  uidiv.o(.text)
    __aeabi_uidivmod                         0x080005fd   Thumb Code    44  uidiv.o(.text)
    __aeabi_uldivmod                         0x08000629   Thumb Code    98  uldiv.o(.text)
    __aeabi_llsl                             0x0800068b   Thumb Code    30  llshl.o(.text)
    _ll_shift_l                              0x0800068b   Thumb Code     0  llshl.o(.text)
    __aeabi_lasr                             0x080006a9   Thumb Code    36  llsshr.o(.text)
    _ll_sshift_r                             0x080006a9   Thumb Code     0  llsshr.o(.text)
    __I$use$fp                               0x080006cd   Thumb Code     0  iusefp.o(.text)
    _float_round                             0x080006cd   Thumb Code    18  fepilogue.o(.text)
    _float_epilogue                          0x080006df   Thumb Code    92  fepilogue.o(.text)
    _double_round                            0x0800073b   Thumb Code    30  depilogue.o(.text)
    _double_epilogue                         0x08000759   Thumb Code   156  depilogue.o(.text)
    __ARM_scalbn                             0x080007f5   Thumb Code    46  dscalb.o(.text)
    scalbn                                   0x080007f5   Thumb Code     0  dscalb.o(.text)
    __aeabi_d2ulz                            0x08000823   Thumb Code    48  dfixul.o(.text)
    __scatterload                            0x08000855   Thumb Code    28  init.o(.text)
    __scatterload_rt2                        0x08000855   Thumb Code     0  init.o(.text)
    ADC_ConversionStop_Disable               0x08000879   Thumb Code    82  stm32f1xx_hal_adc.o(i.ADC_ConversionStop_Disable)
    ADC_Enable                               0x080008cd   Thumb Code   122  stm32f1xx_hal_adc.o(i.ADC_Enable)
    BusFault_Handler                         0x08000951   Thumb Code     4  stm32f1xx_it.o(i.BusFault_Handler)
    DebugMon_Handler                         0x08000955   Thumb Code     2  stm32f1xx_it.o(i.DebugMon_Handler)
    Delay                                    0x08000957   Thumb Code    18  lcd.o(i.Delay)
    Error_Handler                            0x08000969   Thumb Code     2  main.o(i.Error_Handler)
    FSMC_NORSRAM_Extended_Timing_Init        0x0800096d   Thumb Code    62  stm32f1xx_ll_fsmc.o(i.FSMC_NORSRAM_Extended_Timing_Init)
    FSMC_NORSRAM_Init                        0x080009b1   Thumb Code   164  stm32f1xx_ll_fsmc.o(i.FSMC_NORSRAM_Init)
    FSMC_NORSRAM_Timing_Init                 0x08000a59   Thumb Code    66  stm32f1xx_ll_fsmc.o(i.FSMC_NORSRAM_Timing_Init)
    HAL_ADCEx_Calibration_Start              0x08000a9d   Thumb Code   256  stm32f1xx_hal_adc_ex.o(i.HAL_ADCEx_Calibration_Start)
    HAL_ADC_ConfigChannel                    0x08000ba1   Thumb Code   338  stm32f1xx_hal_adc.o(i.HAL_ADC_ConfigChannel)
    HAL_ADC_GetValue                         0x08000d01   Thumb Code     8  stm32f1xx_hal_adc.o(i.HAL_ADC_GetValue)
    HAL_ADC_Init                             0x08000d09   Thumb Code   340  stm32f1xx_hal_adc.o(i.HAL_ADC_Init)
    HAL_ADC_MspInit                          0x08000e69   Thumb Code   258  stm32f1xx_hal_msp.o(i.HAL_ADC_MspInit)
    HAL_ADC_PollForConversion                0x08000f81   Thumb Code   350  stm32f1xx_hal_adc.o(i.HAL_ADC_PollForConversion)
    HAL_ADC_Start                            0x080010f1   Thumb Code   294  stm32f1xx_hal_adc.o(i.HAL_ADC_Start)
    HAL_Delay                                0x08001221   Thumb Code    36  stm32f1xx_hal.o(i.HAL_Delay)
    HAL_GPIO_Init                            0x080012c5   Thumb Code   790  stm32f1xx_hal_gpio.o(i.HAL_GPIO_Init)
    HAL_GPIO_ReadPin                         0x08001605   Thumb Code    16  stm32f1xx_hal_gpio.o(i.HAL_GPIO_ReadPin)
    HAL_GPIO_WritePin                        0x08001615   Thumb Code    12  stm32f1xx_hal_gpio.o(i.HAL_GPIO_WritePin)
    HAL_GetTick                              0x08001621   Thumb Code     6  stm32f1xx_hal.o(i.HAL_GetTick)
    HAL_I2C_Init                             0x0800162d   Thumb Code   362  stm32f1xx_hal_i2c.o(i.HAL_I2C_Init)
    HAL_I2C_Mem_Read                         0x080017a9   Thumb Code   826  stm32f1xx_hal_i2c.o(i.HAL_I2C_Mem_Read)
    HAL_I2C_Mem_Write                        0x08001af1   Thumb Code   384  stm32f1xx_hal_i2c.o(i.HAL_I2C_Mem_Write)
    HAL_I2C_MspInit                          0x08001c79   Thumb Code   134  stm32f1xx_hal_msp.o(i.HAL_I2C_MspInit)
    HAL_IncTick                              0x08001d0d   Thumb Code    16  stm32f1xx_hal.o(i.HAL_IncTick)
    HAL_Init                                 0x08001d25   Thumb Code    34  stm32f1xx_hal.o(i.HAL_Init)
    HAL_InitTick                             0x08001d4d   Thumb Code    64  stm32f1xx_hal.o(i.HAL_InitTick)
    HAL_MspInit                              0x08001d99   Thumb Code    76  stm32f1xx_hal_msp.o(i.HAL_MspInit)
    HAL_NVIC_EnableIRQ                       0x08001ded   Thumb Code    26  stm32f1xx_hal_cortex.o(i.HAL_NVIC_EnableIRQ)
    HAL_NVIC_SetPriority                     0x08001e07   Thumb Code   124  stm32f1xx_hal_cortex.o(i.HAL_NVIC_SetPriority)
    HAL_NVIC_SetPriorityGrouping             0x08001e85   Thumb Code    32  stm32f1xx_hal_cortex.o(i.HAL_NVIC_SetPriorityGrouping)
    HAL_PWR_EnableBkUpAccess                 0x08001ead   Thumb Code     8  stm32f1xx_hal_pwr.o(i.HAL_PWR_EnableBkUpAccess)
    HAL_RCCEx_GetPeriphCLKFreq               0x08001eb9   Thumb Code   284  stm32f1xx_hal_rcc_ex.o(i.HAL_RCCEx_GetPeriphCLKFreq)
    HAL_RCCEx_PeriphCLKConfig                0x08001ff5   Thumb Code   290  stm32f1xx_hal_rcc_ex.o(i.HAL_RCCEx_PeriphCLKConfig)
    HAL_RCC_ClockConfig                      0x08002125   Thumb Code   446  stm32f1xx_hal_rcc.o(i.HAL_RCC_ClockConfig)
    HAL_RCC_GetHCLKFreq                      0x080022f5   Thumb Code     6  stm32f1xx_hal_rcc.o(i.HAL_RCC_GetHCLKFreq)
    HAL_RCC_GetPCLK1Freq                     0x08002301   Thumb Code    22  stm32f1xx_hal_rcc.o(i.HAL_RCC_GetPCLK1Freq)
    HAL_RCC_GetPCLK2Freq                     0x08002321   Thumb Code    22  stm32f1xx_hal_rcc.o(i.HAL_RCC_GetPCLK2Freq)
    HAL_RCC_GetSysClockFreq                  0x08002341   Thumb Code   116  stm32f1xx_hal_rcc.o(i.HAL_RCC_GetSysClockFreq)
    HAL_RCC_OscConfig                        0x080023d5   Thumb Code  1078  stm32f1xx_hal_rcc.o(i.HAL_RCC_OscConfig)
    HAL_RTC_AlarmAEventCallback              0x08002815   Thumb Code     2  stm32f1xx_hal_rtc.o(i.HAL_RTC_AlarmAEventCallback)
    HAL_RTC_AlarmIRQHandler                  0x08002819   Thumb Code    52  stm32f1xx_hal_rtc.o(i.HAL_RTC_AlarmIRQHandler)
    HAL_RTC_GetDate                          0x08002851   Thumb Code    82  stm32f1xx_hal_rtc.o(i.HAL_RTC_GetDate)
    HAL_RTC_GetTime                          0x080028a3   Thumb Code   260  stm32f1xx_hal_rtc.o(i.HAL_RTC_GetTime)
    HAL_RTC_Init                             0x080029a9   Thumb Code   202  stm32f1xx_hal_rtc.o(i.HAL_RTC_Init)
    HAL_RTC_MspInit                          0x08002a79   Thumb Code    68  stm32f1xx_hal_msp.o(i.HAL_RTC_MspInit)
    HAL_RTC_SetAlarm_IT                      0x08002ac9   Thumb Code   256  stm32f1xx_hal_rtc.o(i.HAL_RTC_SetAlarm_IT)
    HAL_RTC_SetDate                          0x08002bd1   Thumb Code   242  stm32f1xx_hal_rtc.o(i.HAL_RTC_SetDate)
    HAL_RTC_SetTime                          0x08002cc9   Thumb Code   214  stm32f1xx_hal_rtc.o(i.HAL_RTC_SetTime)
    HAL_RTC_WaitForSynchro                   0x08002da5   Thumb Code    64  stm32f1xx_hal_rtc.o(i.HAL_RTC_WaitForSynchro)
    HAL_SRAM_Init                            0x08002de5   Thumb Code    88  stm32f1xx_hal_sram.o(i.HAL_SRAM_Init)
    HAL_SRAM_MspInit                         0x08002e3d   Thumb Code    10  stm32f1xx_hal_msp.o(i.HAL_SRAM_MspInit)
    HAL_SYSTICK_Config                       0x08002e47   Thumb Code    52  stm32f1xx_hal_cortex.o(i.HAL_SYSTICK_Config)
    HAL_TIMEx_MasterConfigSynchronization    0x08002e7b   Thumb Code    98  stm32f1xx_hal_tim_ex.o(i.HAL_TIMEx_MasterConfigSynchronization)
    HAL_TIM_Base_Init                        0x08002edd   Thumb Code    52  stm32f1xx_hal_tim.o(i.HAL_TIM_Base_Init)
    HAL_TIM_Base_MspInit                     0x08002f11   Thumb Code    76  stm32f1xx_hal_msp.o(i.HAL_TIM_Base_MspInit)
    HAL_TIM_ConfigClockSource                0x08002f69   Thumb Code   306  stm32f1xx_hal_tim.o(i.HAL_TIM_ConfigClockSource)
    HAL_TIM_MspPostInit                      0x0800309d   Thumb Code   130  stm32f1xx_hal_msp.o(i.HAL_TIM_MspPostInit)
    HAL_TIM_PWM_ConfigChannel                0x08003135   Thumb Code   264  stm32f1xx_hal_tim.o(i.HAL_TIM_PWM_ConfigChannel)
    HAL_TIM_PWM_Init                         0x0800323d   Thumb Code    52  stm32f1xx_hal_tim.o(i.HAL_TIM_PWM_Init)
    HAL_TIM_PWM_MspInit                      0x08003271   Thumb Code     2  stm32f1xx_hal_tim.o(i.HAL_TIM_PWM_MspInit)
    HAL_TIM_PWM_Start                        0x08003275   Thumb Code    68  stm32f1xx_hal_tim.o(i.HAL_TIM_PWM_Start)
    HardFault_Handler                        0x080032c1   Thumb Code     4  stm32f1xx_it.o(i.HardFault_Handler)
    LCD_BackLed_Control                      0x08003775   Thumb Code    32  lcd.o(i.LCD_BackLed_Control)
    LCD_Clear                                0x08003799   Thumb Code    42  lcd.o(i.LCD_Clear)
    LCD_DrawChar                             0x080037c5   Thumb Code    96  lcd.o(i.LCD_DrawChar)
    LCD_DrawDot                              0x08003829   Thumb Code    30  lcd.o(i.LCD_DrawDot)
    LCD_DrawString                           0x08003847   Thumb Code    66  lcd.o(i.LCD_DrawString)
    LCD_FillColor                            0x08003889   Thumb Code    32  lcd.o(i.LCD_FillColor)
    LCD_INIT                                 0x080038a9   Thumb Code    38  lcd.o(i.LCD_INIT)
    LCD_OpenWindow                           0x080038cf   Thumb Code    88  lcd.o(i.LCD_OpenWindow)
    LCD_REG_Config                           0x08003929   Thumb Code   556  lcd.o(i.LCD_REG_Config)
    LCD_Rst                                  0x08003b59   Thumb Code    36  lcd.o(i.LCD_Rst)
    LCD_Write_Cmd                            0x08003b85   Thumb Code     8  lcd.o(i.LCD_Write_Cmd)
    LCD_Write_Data                           0x08003b8d   Thumb Code     6  lcd.o(i.LCD_Write_Data)
    MemManage_Handler                        0x08004025   Thumb Code     4  stm32f1xx_it.o(i.MemManage_Handler)
    NMI_Handler                              0x08004029   Thumb Code     2  stm32f1xx_it.o(i.NMI_Handler)
    PendSV_Handler                           0x08004065   Thumb Code     2  stm32f1xx_it.o(i.PendSV_Handler)
    RTC_Alarm_IRQHandler                     0x08004091   Thumb Code    10  stm32f1xx_it.o(i.RTC_Alarm_IRQHandler)
    SVC_Handler                              0x08004359   Thumb Code     2  stm32f1xx_it.o(i.SVC_Handler)
    SysTick_Handler                          0x0800435b   Thumb Code     8  stm32f1xx_it.o(i.SysTick_Handler)
    SystemClock_Config                       0x08004363   Thumb Code   140  main.o(i.SystemClock_Config)
    SystemInit                               0x080043f1   Thumb Code    70  system_stm32f1xx.o(i.SystemInit)
    TIM_Base_SetConfig                       0x08004449   Thumb Code   132  stm32f1xx_hal_tim.o(i.TIM_Base_SetConfig)
    TIM_CCxChannelCmd                        0x080044e1   Thumb Code    28  stm32f1xx_hal_tim.o(i.TIM_CCxChannelCmd)
    TIM_OC2_SetConfig                        0x080045a1   Thumb Code   120  stm32f1xx_hal_tim.o(i.TIM_OC2_SetConfig)
    Triangle                                 0x0800474f   Thumb Code    70  lcd.o(i.Triangle)
    UsageFault_Handler                       0x08004795   Thumb Code     4  stm32f1xx_it.o(i.UsageFault_Handler)
    __0sprintf                               0x08004799   Thumb Code    34  printfa.o(i.__0sprintf)
    __1sprintf                               0x08004799   Thumb Code     0  printfa.o(i.__0sprintf)
    __2sprintf                               0x08004799   Thumb Code     0  printfa.o(i.__0sprintf)
    __c89sprintf                             0x08004799   Thumb Code     0  printfa.o(i.__0sprintf)
    sprintf                                  0x08004799   Thumb Code     0  printfa.o(i.__0sprintf)
    __ARM_fpclassify                         0x080047c1   Thumb Code    40  fpclassify.o(i.__ARM_fpclassify)
    __kernel_poly                            0x080047e9   Thumb Code   170  poly.o(i.__kernel_poly)
    __mathlib_dbl_infnan                     0x08004893   Thumb Code     6  dunder.o(i.__mathlib_dbl_infnan)
    __mathlib_dbl_underflow                  0x08004899   Thumb Code    10  dunder.o(i.__mathlib_dbl_underflow)
    __scatterload_copy                       0x080048a9   Thumb Code    14  handlers.o(i.__scatterload_copy)
    __scatterload_null                       0x080048b7   Thumb Code     2  handlers.o(i.__scatterload_null)
    __scatterload_zeroinit                   0x080048b9   Thumb Code    14  handlers.o(i.__scatterload_zeroinit)
    atan                                     0x08005185   Thumb Code   474  atan.o(i.atan)
    main                                     0x080053a5   Thumb Code  3090  main.o(i.main)
    user_pwm_setvalue                        0x08005fc9   Thumb Code    40  main.o(i.user_pwm_setvalue)
    user_pwm_setvalue2                       0x08005ff5   Thumb Code    40  main.o(i.user_pwm_setvalue2)
    ucAscii_1608                             0x08006020   Data        1520  lcd.o(.constdata)
    AHBPrescTable                            0x08006610   Data          16  system_stm32f1xx.o(.constdata)
    APBPrescTable                            0x08006620   Data           8  system_stm32f1xx.o(.constdata)
    Region$$Table$$Base                      0x080066c0   Number         0  anon$$obj.o(Region$$Table)
    Region$$Table$$Limit                     0x080066e0   Number         0  anon$$obj.o(Region$$Table)
    uwTick                                   0x20000008   Data           4  stm32f1xx_hal.o(.data)
    uwTickPrio                               0x2000000c   Data           4  stm32f1xx_hal.o(.data)
    uwTickFreq                               0x20000010   Data           1  stm32f1xx_hal.o(.data)
    SystemCoreClock                          0x20000014   Data           4  system_stm32f1xx.o(.data)
    hadc1                                    0x20000018   Data          48  main.o(.bss)
    hadc2                                    0x20000048   Data          48  main.o(.bss)
    hadc3                                    0x20000078   Data          48  main.o(.bss)
    hi2c2                                    0x200000a8   Data          84  main.o(.bss)
    hrtc                                     0x200000fc   Data          20  main.o(.bss)
    htim3                                    0x20000110   Data          64  main.o(.bss)
    htim4                                    0x20000150   Data          64  main.o(.bss)
    hsram1                                   0x20000190   Data          68  main.o(.bss)
    __initial_sp                             0x200005d8   Data           0  startup_stm32f103xe.o(STACK)



==============================================================================

Memory Map of the image

  Image Entry point : 0x08000131

  Load Region LR_IROM1 (Base: 0x08000000, Size: 0x000066f8, Max: 0x00080000, ABSOLUTE)

    Execution Region ER_IROM1 (Base: 0x08000000, Size: 0x000066e0, Max: 0x00080000, ABSOLUTE)

    Base Addr    Size         Type   Attr      Idx    E Section Name        Object

    0x08000000   0x00000130   Data   RO            3    RESET               startup_stm32f103xe.o
    0x08000130   0x00000000   Code   RO         3650  * .ARM.Collect$$$$00000000  mc_w.l(entry.o)
    0x08000130   0x00000004   Code   RO         3962    .ARM.Collect$$$$00000001  mc_w.l(entry2.o)
    0x08000134   0x00000004   Code   RO         3965    .ARM.Collect$$$$00000004  mc_w.l(entry5.o)
    0x08000138   0x00000000   Code   RO         3967    .ARM.Collect$$$$00000008  mc_w.l(entry7b.o)
    0x08000138   0x00000000   Code   RO         3969    .ARM.Collect$$$$0000000A  mc_w.l(entry8b.o)
    0x08000138   0x00000008   Code   RO         3970    .ARM.Collect$$$$0000000B  mc_w.l(entry9a.o)
    0x08000140   0x00000000   Code   RO         3972    .ARM.Collect$$$$0000000D  mc_w.l(entry10a.o)
    0x08000140   0x00000000   Code   RO         3974    .ARM.Collect$$$$0000000F  mc_w.l(entry11a.o)
    0x08000140   0x00000004   Code   RO         3963    .ARM.Collect$$$$00002712  mc_w.l(entry2.o)
    0x08000144   0x00000024   Code   RO            4    .text               startup_stm32f103xe.o
    0x08000168   0x00000020   Code   RO         3653    .text               mc_w.l(llushr.o)
    0x08000188   0x00000024   Code   RO         3655    .text               mc_w.l(memseta.o)
    0x080001ac   0x0000014e   Code   RO         3918    .text               mf_w.l(dadd.o)
    0x080002fa   0x000000e4   Code   RO         3920    .text               mf_w.l(dmul.o)
    0x080003de   0x000000de   Code   RO         3922    .text               mf_w.l(ddiv.o)
    0x080004bc   0x00000012   Code   RO         3924    .text               mf_w.l(fflti.o)
    0x080004ce   0x0000000a   Code   RO         3926    .text               mf_w.l(ffltui.o)
    0x080004d8   0x00000022   Code   RO         3928    .text               mf_w.l(dflti.o)
    0x080004fa   0x0000001a   Code   RO         3930    .text               mf_w.l(dfltui.o)
    0x08000514   0x00000026   Code   RO         3932    .text               mf_w.l(f2d.o)
    0x0800053a   0x00000002   PAD
    0x0800053c   0x00000030   Code   RO         3934    .text               mf_w.l(cdcmple.o)
    0x0800056c   0x00000030   Code   RO         3936    .text               mf_w.l(cdrcmple.o)
    0x0800059c   0x00000038   Code   RO         3938    .text               mf_w.l(d2f.o)
    0x080005d4   0x00000014   Code   RO         3940    .text               mf_w.l(cfcmple.o)
    0x080005e8   0x00000014   Code   RO         3942    .text               mf_w.l(cfrcmple.o)
    0x080005fc   0x0000002c   Code   RO         3979    .text               mc_w.l(uidiv.o)
    0x08000628   0x00000062   Code   RO         3981    .text               mc_w.l(uldiv.o)
    0x0800068a   0x0000001e   Code   RO         3983    .text               mc_w.l(llshl.o)
    0x080006a8   0x00000024   Code   RO         3985    .text               mc_w.l(llsshr.o)
    0x080006cc   0x00000000   Code   RO         3987    .text               mc_w.l(iusefp.o)
    0x080006cc   0x0000006e   Code   RO         3988    .text               mf_w.l(fepilogue.o)
    0x0800073a   0x000000ba   Code   RO         3990    .text               mf_w.l(depilogue.o)
    0x080007f4   0x0000002e   Code   RO         3992    .text               mf_w.l(dscalb.o)
    0x08000822   0x00000030   Code   RO         3994    .text               mf_w.l(dfixul.o)
    0x08000852   0x00000002   PAD
    0x08000854   0x00000024   Code   RO         3996    .text               mc_w.l(init.o)
    0x08000878   0x00000052   Code   RO          578    i.ADC_ConversionStop_Disable  stm32f1xx_hal_adc.o
    0x080008ca   0x00000002   PAD
    0x080008cc   0x00000084   Code   RO          582    i.ADC_Enable        stm32f1xx_hal_adc.o
    0x08000950   0x00000004   Code   RO          358    i.BusFault_Handler  stm32f1xx_it.o
    0x08000954   0x00000002   Code   RO          359    i.DebugMon_Handler  stm32f1xx_it.o
    0x08000956   0x00000012   Code   RO           13    i.Delay             lcd.o
    0x08000968   0x00000002   Code   RO          252    i.Error_Handler     main.o
    0x0800096a   0x00000002   PAD
    0x0800096c   0x00000044   Code   RO          862    i.FSMC_NORSRAM_Extended_Timing_Init  stm32f1xx_ll_fsmc.o
    0x080009b0   0x000000a8   Code   RO          863    i.FSMC_NORSRAM_Init  stm32f1xx_ll_fsmc.o
    0x08000a58   0x00000042   Code   RO          864    i.FSMC_NORSRAM_Timing_Init  stm32f1xx_ll_fsmc.o
    0x08000a9a   0x00000002   PAD
    0x08000a9c   0x00000104   Code   RO          758    i.HAL_ADCEx_Calibration_Start  stm32f1xx_hal_adc_ex.o
    0x08000ba0   0x00000160   Code   RO          584    i.HAL_ADC_ConfigChannel  stm32f1xx_hal_adc.o
    0x08000d00   0x00000008   Code   RO          591    i.HAL_ADC_GetValue  stm32f1xx_hal_adc.o
    0x08000d08   0x00000160   Code   RO          593    i.HAL_ADC_Init      stm32f1xx_hal_adc.o
    0x08000e68   0x00000118   Code   RO          441    i.HAL_ADC_MspInit   stm32f1xx_hal_msp.o
    0x08000f80   0x00000170   Code   RO          597    i.HAL_ADC_PollForConversion  stm32f1xx_hal_adc.o
    0x080010f0   0x00000130   Code   RO          599    i.HAL_ADC_Start     stm32f1xx_hal_adc.o
    0x08001220   0x00000028   Code   RO         2691    i.HAL_Delay         stm32f1xx_hal.o
    0x08001248   0x0000007c   Code   RO          443    i.HAL_FSMC_MspInit  stm32f1xx_hal_msp.o
    0x080012c4   0x00000340   Code   RO         2992    i.HAL_GPIO_Init     stm32f1xx_hal_gpio.o
    0x08001604   0x00000010   Code   RO         2994    i.HAL_GPIO_ReadPin  stm32f1xx_hal_gpio.o
    0x08001614   0x0000000c   Code   RO         2996    i.HAL_GPIO_WritePin  stm32f1xx_hal_gpio.o
    0x08001620   0x0000000c   Code   RO         2695    i.HAL_GetTick       stm32f1xx_hal.o
    0x0800162c   0x0000017c   Code   RO         1111    i.HAL_I2C_Init      stm32f1xx_hal_i2c.o
    0x080017a8   0x00000348   Code   RO         1127    i.HAL_I2C_Mem_Read  stm32f1xx_hal_i2c.o
    0x08001af0   0x00000188   Code   RO         1130    i.HAL_I2C_Mem_Write  stm32f1xx_hal_i2c.o
    0x08001c78   0x00000094   Code   RO          445    i.HAL_I2C_MspInit   stm32f1xx_hal_msp.o
    0x08001d0c   0x00000018   Code   RO         2699    i.HAL_IncTick       stm32f1xx_hal.o
    0x08001d24   0x00000028   Code   RO         2700    i.HAL_Init          stm32f1xx_hal.o
    0x08001d4c   0x0000004c   Code   RO         2701    i.HAL_InitTick      stm32f1xx_hal.o
    0x08001d98   0x00000054   Code   RO          446    i.HAL_MspInit       stm32f1xx_hal_msp.o
    0x08001dec   0x0000001a   Code   RO         3152    i.HAL_NVIC_EnableIRQ  stm32f1xx_hal_cortex.o
    0x08001e06   0x0000007c   Code   RO         3158    i.HAL_NVIC_SetPriority  stm32f1xx_hal_cortex.o
    0x08001e82   0x00000002   PAD
    0x08001e84   0x00000028   Code   RO         3159    i.HAL_NVIC_SetPriorityGrouping  stm32f1xx_hal_cortex.o
    0x08001eac   0x0000000c   Code   RO         3279    i.HAL_PWR_EnableBkUpAccess  stm32f1xx_hal_pwr.o
    0x08001eb8   0x0000013c   Code   RO         2954    i.HAL_RCCEx_GetPeriphCLKFreq  stm32f1xx_hal_rcc_ex.o
    0x08001ff4   0x00000130   Code   RO         2955    i.HAL_RCCEx_PeriphCLKConfig  stm32f1xx_hal_rcc_ex.o
    0x08002124   0x000001d0   Code   RO         2847    i.HAL_RCC_ClockConfig  stm32f1xx_hal_rcc.o
    0x080022f4   0x0000000c   Code   RO         2852    i.HAL_RCC_GetHCLKFreq  stm32f1xx_hal_rcc.o
    0x08002300   0x00000020   Code   RO         2854    i.HAL_RCC_GetPCLK1Freq  stm32f1xx_hal_rcc.o
    0x08002320   0x00000020   Code   RO         2855    i.HAL_RCC_GetPCLK2Freq  stm32f1xx_hal_rcc.o
    0x08002340   0x00000094   Code   RO         2856    i.HAL_RCC_GetSysClockFreq  stm32f1xx_hal_rcc.o
    0x080023d4   0x00000440   Code   RO         2859    i.HAL_RCC_OscConfig  stm32f1xx_hal_rcc.o
    0x08002814   0x00000002   Code   RO         1533    i.HAL_RTC_AlarmAEventCallback  stm32f1xx_hal_rtc.o
    0x08002816   0x00000002   PAD
    0x08002818   0x00000038   Code   RO         1534    i.HAL_RTC_AlarmIRQHandler  stm32f1xx_hal_rtc.o
    0x08002850   0x00000052   Code   RO         1538    i.HAL_RTC_GetDate   stm32f1xx_hal_rtc.o
    0x080028a2   0x00000104   Code   RO         1540    i.HAL_RTC_GetTime   stm32f1xx_hal_rtc.o
    0x080029a6   0x00000002   PAD
    0x080029a8   0x000000d0   Code   RO         1541    i.HAL_RTC_Init      stm32f1xx_hal_rtc.o
    0x08002a78   0x00000050   Code   RO          448    i.HAL_RTC_MspInit   stm32f1xx_hal_msp.o
    0x08002ac8   0x00000108   Code   RO         1546    i.HAL_RTC_SetAlarm_IT  stm32f1xx_hal_rtc.o
    0x08002bd0   0x000000f8   Code   RO         1547    i.HAL_RTC_SetDate   stm32f1xx_hal_rtc.o
    0x08002cc8   0x000000dc   Code   RO         1548    i.HAL_RTC_SetTime   stm32f1xx_hal_rtc.o
    0x08002da4   0x00000040   Code   RO         1549    i.HAL_RTC_WaitForSynchro  stm32f1xx_hal_rtc.o
    0x08002de4   0x00000058   Code   RO          984    i.HAL_SRAM_Init     stm32f1xx_hal_sram.o
    0x08002e3c   0x0000000a   Code   RO          450    i.HAL_SRAM_MspInit  stm32f1xx_hal_msp.o
    0x08002e46   0x00000034   Code   RO         3163    i.HAL_SYSTICK_Config  stm32f1xx_hal_cortex.o
    0x08002e7a   0x00000062   Code   RO         2468    i.HAL_TIMEx_MasterConfigSynchronization  stm32f1xx_hal_tim_ex.o
    0x08002edc   0x00000034   Code   RO         1812    i.HAL_TIM_Base_Init  stm32f1xx_hal_tim.o
    0x08002f10   0x00000058   Code   RO          452    i.HAL_TIM_Base_MspInit  stm32f1xx_hal_msp.o
    0x08002f68   0x00000132   Code   RO         1821    i.HAL_TIM_ConfigClockSource  stm32f1xx_hal_tim.o
    0x0800309a   0x00000002   PAD
    0x0800309c   0x00000098   Code   RO          453    i.HAL_TIM_MspPostInit  stm32f1xx_hal_msp.o
    0x08003134   0x00000108   Code   RO         1878    i.HAL_TIM_PWM_ConfigChannel  stm32f1xx_hal_tim.o
    0x0800323c   0x00000034   Code   RO         1881    i.HAL_TIM_PWM_Init  stm32f1xx_hal_tim.o
    0x08003270   0x00000002   Code   RO         1883    i.HAL_TIM_PWM_MspInit  stm32f1xx_hal_tim.o
    0x08003272   0x00000002   PAD
    0x08003274   0x0000004c   Code   RO         1885    i.HAL_TIM_PWM_Start  stm32f1xx_hal_tim.o
    0x080032c0   0x00000004   Code   RO          360    i.HardFault_Handler  stm32f1xx_it.o
    0x080032c4   0x00000034   Code   RO         1149    i.I2C_IsAcknowledgeFailed  stm32f1xx_hal_i2c.o
    0x080032f8   0x00000158   Code   RO         1159    i.I2C_RequestMemoryRead  stm32f1xx_hal_i2c.o
    0x08003450   0x000000e0   Code   RO         1160    i.I2C_RequestMemoryWrite  stm32f1xx_hal_i2c.o
    0x08003530   0x00000056   Code   RO         1168    i.I2C_WaitOnBTFFlagUntilTimeout  stm32f1xx_hal_i2c.o
    0x08003586   0x0000007c   Code   RO         1169    i.I2C_WaitOnFlagUntilTimeout  stm32f1xx_hal_i2c.o
    0x08003602   0x000000ac   Code   RO         1170    i.I2C_WaitOnMasterAddressFlagUntilTimeout  stm32f1xx_hal_i2c.o
    0x080036ae   0x0000006e   Code   RO         1171    i.I2C_WaitOnRXNEFlagUntilTimeout  stm32f1xx_hal_i2c.o
    0x0800371c   0x00000056   Code   RO         1173    i.I2C_WaitOnTXEFlagUntilTimeout  stm32f1xx_hal_i2c.o
    0x08003772   0x00000002   PAD
    0x08003774   0x00000024   Code   RO           14    i.LCD_BackLed_Control  lcd.o
    0x08003798   0x0000002a   Code   RO           15    i.LCD_Clear         lcd.o
    0x080037c2   0x00000002   PAD
    0x080037c4   0x00000064   Code   RO           16    i.LCD_DrawChar      lcd.o
    0x08003828   0x0000001e   Code   RO           17    i.LCD_DrawDot       lcd.o
    0x08003846   0x00000042   Code   RO           20    i.LCD_DrawString    lcd.o
    0x08003888   0x00000020   Code   RO           21    i.LCD_FillColor     lcd.o
    0x080038a8   0x00000026   Code   RO           23    i.LCD_INIT          lcd.o
    0x080038ce   0x00000058   Code   RO           24    i.LCD_OpenWindow    lcd.o
    0x08003926   0x00000002   PAD
    0x08003928   0x00000230   Code   RO           25    i.LCD_REG_Config    lcd.o
    0x08003b58   0x0000002c   Code   RO           28    i.LCD_Rst           lcd.o
    0x08003b84   0x00000008   Code   RO           29    i.LCD_Write_Cmd     lcd.o
    0x08003b8c   0x0000000c   Code   RO           30    i.LCD_Write_Data    lcd.o
    0x08003b98   0x0000005c   Code   RO          253    i.MX_ADC1_Init      main.o
    0x08003bf4   0x0000005c   Code   RO          254    i.MX_ADC2_Init      main.o
    0x08003c50   0x0000005c   Code   RO          255    i.MX_ADC3_Init      main.o
    0x08003cac   0x00000088   Code   RO          256    i.MX_FSMC_Init      main.o
    0x08003d34   0x00000158   Code   RO          257    i.MX_GPIO_Init      main.o
    0x08003e8c   0x0000003c   Code   RO          258    i.MX_I2C2_Init      main.o
    0x08003ec8   0x000000ac   Code   RO          260    i.MX_TIM3_Init      main.o
    0x08003f74   0x000000b0   Code   RO          261    i.MX_TIM4_Init      main.o
    0x08004024   0x00000004   Code   RO          361    i.MemManage_Handler  stm32f1xx_it.o
    0x08004028   0x00000002   Code   RO          362    i.NMI_Handler       stm32f1xx_it.o
    0x0800402a   0x00000002   PAD
    0x0800402c   0x00000010   Code   RO         3165    i.NVIC_GetPriorityGrouping  stm32f1xx_hal_cortex.o
    0x0800403c   0x00000028   Code   RO         3166    i.NVIC_SetPriority  stm32f1xx_hal_cortex.o
    0x08004064   0x00000002   Code   RO          363    i.PendSV_Handler    stm32f1xx_it.o
    0x08004066   0x00000002   PAD
    0x08004068   0x00000028   Code   RO         2860    i.RCC_Delay         stm32f1xx_hal_rcc.o
    0x08004090   0x00000010   Code   RO          364    i.RTC_Alarm_IRQHandler  stm32f1xx_it.o
    0x080040a0   0x00000016   Code   RO         1550    i.RTC_Bcd2ToByte    stm32f1xx_hal_rtc.o
    0x080040b6   0x0000001a   Code   RO         1551    i.RTC_ByteToBcd2    stm32f1xx_hal_rtc.o
    0x080040d0   0x000000b6   Code   RO         1552    i.RTC_DateUpdate    stm32f1xx_hal_rtc.o
    0x08004186   0x0000003a   Code   RO         1553    i.RTC_EnterInitMode  stm32f1xx_hal_rtc.o
    0x080041c0   0x0000003a   Code   RO         1554    i.RTC_ExitInitMode  stm32f1xx_hal_rtc.o
    0x080041fa   0x00000032   Code   RO         1555    i.RTC_IsLeapYear    stm32f1xx_hal_rtc.o
    0x0800422c   0x00000018   Code   RO         1556    i.RTC_ReadAlarmCounter  stm32f1xx_hal_rtc.o
    0x08004244   0x00000034   Code   RO         1557    i.RTC_ReadTimeCounter  stm32f1xx_hal_rtc.o
    0x08004278   0x00000084   Code   RO         1558    i.RTC_WeekDayNum    stm32f1xx_hal_rtc.o
    0x080042fc   0x0000002e   Code   RO         1559    i.RTC_WriteAlarmCounter  stm32f1xx_hal_rtc.o
    0x0800432a   0x0000002e   Code   RO         1560    i.RTC_WriteTimeCounter  stm32f1xx_hal_rtc.o
    0x08004358   0x00000002   Code   RO          365    i.SVC_Handler       stm32f1xx_it.o
    0x0800435a   0x00000008   Code   RO          366    i.SysTick_Handler   stm32f1xx_it.o
    0x08004362   0x0000008c   Code   RO          262    i.SystemClock_Config  main.o
    0x080043ee   0x00000002   PAD
    0x080043f0   0x00000058   Code   RO         3607    i.SystemInit        system_stm32f1xx.o
    0x08004448   0x00000098   Code   RO         1896    i.TIM_Base_SetConfig  stm32f1xx_hal_tim.o
    0x080044e0   0x0000001c   Code   RO         1897    i.TIM_CCxChannelCmd  stm32f1xx_hal_tim.o
    0x080044fc   0x00000018   Code   RO         1903    i.TIM_ETR_SetConfig  stm32f1xx_hal_tim.o
    0x08004514   0x00000014   Code   RO         1904    i.TIM_ITRx_SetConfig  stm32f1xx_hal_tim.o
    0x08004528   0x00000078   Code   RO         1905    i.TIM_OC1_SetConfig  stm32f1xx_hal_tim.o
    0x080045a0   0x00000080   Code   RO         1906    i.TIM_OC2_SetConfig  stm32f1xx_hal_tim.o
    0x08004620   0x00000080   Code   RO         1907    i.TIM_OC3_SetConfig  stm32f1xx_hal_tim.o
    0x080046a0   0x00000058   Code   RO         1908    i.TIM_OC4_SetConfig  stm32f1xx_hal_tim.o
    0x080046f8   0x0000002a   Code   RO         1910    i.TIM_TI1_ConfigInputStage  stm32f1xx_hal_tim.o
    0x08004722   0x0000002c   Code   RO         1912    i.TIM_TI2_ConfigInputStage  stm32f1xx_hal_tim.o
    0x0800474e   0x00000046   Code   RO           31    i.Triangle          lcd.o
    0x08004794   0x00000004   Code   RO          367    i.UsageFault_Handler  stm32f1xx_it.o
    0x08004798   0x00000028   Code   RO         3892    i.__0sprintf        mc_w.l(printfa.o)
    0x080047c0   0x00000028   Code   RO         3958    i.__ARM_fpclassify  m_ws.l(fpclassify.o)
    0x080047e8   0x000000aa   Code   RO         3960    i.__kernel_poly     m_ws.l(poly.o)
    0x08004892   0x00000006   Code   RO         3945    i.__mathlib_dbl_infnan  m_ws.l(dunder.o)
    0x08004898   0x00000010   Code   RO         3950    i.__mathlib_dbl_underflow  m_ws.l(dunder.o)
    0x080048a8   0x0000000e   Code   RO         4002    i.__scatterload_copy  mc_w.l(handlers.o)
    0x080048b6   0x00000002   Code   RO         4003    i.__scatterload_null  mc_w.l(handlers.o)
    0x080048b8   0x0000000e   Code   RO         4004    i.__scatterload_zeroinit  mc_w.l(handlers.o)
    0x080048c6   0x00000002   PAD
    0x080048c8   0x00000184   Code   RO         3897    i._fp_digits        mc_w.l(printfa.o)
    0x08004a4c   0x000006dc   Code   RO         3898    i._printf_core      mc_w.l(printfa.o)
    0x08005128   0x00000024   Code   RO         3899    i._printf_post_padding  mc_w.l(printfa.o)
    0x0800514c   0x0000002e   Code   RO         3900    i._printf_pre_padding  mc_w.l(printfa.o)
    0x0800517a   0x0000000a   Code   RO         3902    i._sputc            mc_w.l(printfa.o)
    0x08005184   0x00000220   Code   RO         3641    i.atan              m_ws.l(atan.o)
    0x080053a4   0x00000c24   Code   RO          263    i.main              main.o
    0x08005fc8   0x0000002c   Code   RO          264    i.user_pwm_setvalue  main.o
    0x08005ff4   0x0000002c   Code   RO          265    i.user_pwm_setvalue2  main.o
    0x08006020   0x000005f0   Data   RO           32    .constdata          lcd.o
    0x08006610   0x00000018   Data   RO         3608    .constdata          system_stm32f1xx.o
    0x08006628   0x00000098   Data   RO         3642    .constdata          m_ws.l(atan.o)
    0x080066c0   0x00000020   Data   RO         4000    Region$$Table       anon$$obj.o


    Execution Region RW_IRAM1 (Base: 0x20000000, Size: 0x000005d8, Max: 0x00010000, ABSOLUTE)

    Base Addr    Size         Type   Attr      Idx    E Section Name        Object

    0x20000000   0x00000008   Data   RW          454    .data               stm32f1xx_hal_msp.o
    0x20000008   0x00000009   Data   RW         2707    .data               stm32f1xx_hal.o
    0x20000011   0x00000003   PAD
    0x20000014   0x00000004   Data   RW         3609    .data               system_stm32f1xx.o
    0x20000018   0x000001bc   Zero   RW          266    .bss                main.o
    0x200001d4   0x00000004   PAD
    0x200001d8   0x00000400   Zero   RW            1    STACK               startup_stm32f103xe.o


==============================================================================

Image component sizes


      Code (inc. data)   RO Data    RW Data    ZI Data      Debug   Object Name

      1144         26       1520          0          0     526442   lcd.o
      4502        418          0          0        444      11579   main.o
        36          8        304          0       1024        852   startup_stm32f103xe.o
       192         36          0          9          0       6973   stm32f1xx_hal.o
      1598         64          0          0          0       6812   stm32f1xx_hal_adc.o
       260          4          0          0          0       1570   stm32f1xx_hal_adc_ex.o
       298         22          0          0          0      26635   stm32f1xx_hal_cortex.o
       860         42          0          0          0       3551   stm32f1xx_hal_gpio.o
      2810         50          0          0          0      11862   stm32f1xx_hal_i2c.o
       966        108          0          8          0       6232   stm32f1xx_hal_msp.o
        12          4          0          0          0        575   stm32f1xx_hal_pwr.o
      1816        108          0          0          0       6436   stm32f1xx_hal_rcc.o
       620         46          0          0          0       2601   stm32f1xx_hal_rcc_ex.o
      2100         30          0          0          0      16266   stm32f1xx_hal_rtc.o
        88          0          0          0          0       1304   stm32f1xx_hal_sram.o
      1526         64          0          0          0      12662   stm32f1xx_hal_tim.o
        98          0          0          0          0       1268   stm32f1xx_hal_tim_ex.o
        48          6          0          0          0       4881   stm32f1xx_it.o
       302         10          0          0          0       2771   stm32f1xx_ll_fsmc.o
        88         18         24          4          0       1339   system_stm32f1xx.o

    ----------------------------------------------------------------------
     19392       1064       1880         24       1472     652611   Object Totals
         0          0         32          0          0          0   (incl. Generated)
        28          0          0          3          4          0   (incl. Padding)

    ----------------------------------------------------------------------

      Code (inc. data)   RO Data    RW Data    ZI Data      Debug   Library Member Name

       544         70        152          0          0        124   atan.o
        22          6          0          0          0        136   dunder.o
        40          0          0          0          0         68   fpclassify.o
       170          0          0          0          0         96   poly.o
         0          0          0          0          0          0   entry.o
         0          0          0          0          0          0   entry10a.o
         0          0          0          0          0          0   entry11a.o
         8          4          0          0          0          0   entry2.o
         4          0          0          0          0          0   entry5.o
         0          0          0          0          0          0   entry7b.o
         0          0          0          0          0          0   entry8b.o
         8          4          0          0          0          0   entry9a.o
        30          0          0          0          0          0   handlers.o
        36          8          0          0          0         68   init.o
         0          0          0          0          0          0   iusefp.o
        30          0          0          0          0         68   llshl.o
        36          0          0          0          0         68   llsshr.o
        32          0          0          0          0         68   llushr.o
        36          0          0          0          0        108   memseta.o
      2276         86          0          0          0        520   printfa.o
        44          0          0          0          0         80   uidiv.o
        98          0          0          0          0         92   uldiv.o
        48          0          0          0          0         68   cdcmple.o
        48          0          0          0          0         68   cdrcmple.o
        20          0          0          0          0         68   cfcmple.o
        20          0          0          0          0         68   cfrcmple.o
        56          0          0          0          0         88   d2f.o
       334          0          0          0          0        148   dadd.o
       222          0          0          0          0        100   ddiv.o
       186          0          0          0          0        176   depilogue.o
        48          0          0          0          0         68   dfixul.o
        34          0          0          0          0         76   dflti.o
        26          0          0          0          0         76   dfltui.o
       228          0          0          0          0         96   dmul.o
        46          0          0          0          0         80   dscalb.o
        38          0          0          0          0         68   f2d.o
       110          0          0          0          0        168   fepilogue.o
        18          0          0          0          0         68   fflti.o
        10          0          0          0          0         68   ffltui.o

    ----------------------------------------------------------------------
      4912        178        152          0          0       3048   Library Totals
         6          0          0          0          0          0   (incl. Padding)

    ----------------------------------------------------------------------

      Code (inc. data)   RO Data    RW Data    ZI Data      Debug   Library Name

       776         76        152          0          0        424   m_ws.l
      2638        102          0          0          0       1072   mc_w.l
      1492          0          0          0          0       1552   mf_w.l

    ----------------------------------------------------------------------
      4912        178        152          0          0       3048   Library Totals

    ----------------------------------------------------------------------

==============================================================================


      Code (inc. data)   RO Data    RW Data    ZI Data      Debug   

     24304       1242       2032         24       1472     647699   Grand Totals
     24304       1242       2032         24       1472     647699   ELF Image Totals
     24304       1242       2032         24          0          0   ROM Totals

==============================================================================

    Total RO  Size (Code + RO Data)                26336 (  25.72kB)
    Total RW  Size (RW Data + ZI Data)              1496 (   1.46kB)
    Total ROM Size (Code + RO Data + RW Data)      26360 (  25.74kB)

==============================================================================

